../Core/Src/main.c:143:11:sendInstruction	32	static
../Core/Src/main.c:96:5:main	112	static
../Core/Src/main.c:201:6:SystemClock_Config	88	static
../Core/Src/main.c:247:13:MX_ADC1_Init	24	static
../Core/Src/main.c:299:13:MX_SDIO_SD_Init	8	static
../Core/Src/main.c:331:13:MX_SPI1_Init	8	static
../Core/Src/main.c:369:13:MX_SPI2_Init	8	static
../Core/Src/main.c:407:13:MX_TIM3_Init	48	static
../Core/Src/main.c:468:13:MX_TIM4_Init	48	static
../Core/Src/main.c:521:13:MX_UART4_Init	8	static
../Core/Src/main.c:554:13:MX_USART1_UART_Init	8	static
../Core/Src/main.c:587:13:MX_USART2_UART_Init	8	static
../Core/Src/main.c:620:13:MX_USART3_UART_Init	8	static
../Core/Src/main.c:653:13:MX_USART6_UART_Init	8	static
../Core/Src/main.c:684:13:MX_DMA_Init	16	static
../Core/Src/main.c:715:13:MX_GPIO_Init	56	static
../Core/Src/main.c:781:6:Error_Handler	4	static,ignoring_inline_asm
