../Core/Src/stm32f4xx_it.c:79:6:NMI_Handler	4	static
../Core/Src/stm32f4xx_it.c:94:6:HardFault_Handler	4	static
../Core/Src/stm32f4xx_it.c:109:6:MemManage_Handler	4	static
../Core/Src/stm32f4xx_it.c:124:6:BusFault_Handler	4	static
../Core/Src/stm32f4xx_it.c:139:6:UsageFault_Handler	4	static
../Core/Src/stm32f4xx_it.c:154:6:SVC_Handler	4	static
../Core/Src/stm32f4xx_it.c:167:6:DebugMon_Handler	4	static
../Core/Src/stm32f4xx_it.c:180:6:PendSV_Handler	4	static
../Core/Src/stm32f4xx_it.c:193:6:SysTick_Handler	8	static
../Core/Src/stm32f4xx_it.c:214:6:DMA1_Stream3_IRQHandler	8	static
../Core/Src/stm32f4xx_it.c:228:6:DMA1_Stream6_IRQHandler	8	static
../Core/Src/stm32f4xx_it.c:242:6:USART1_IRQHandler	8	static
../Core/Src/stm32f4xx_it.c:256:6:USART2_IRQHandler	8	static
../Core/Src/stm32f4xx_it.c:270:6:USART3_IRQHandler	8	static
../Core/Src/stm32f4xx_it.c:284:6:UART4_IRQHandler	8	static
../Core/Src/stm32f4xx_it.c:298:6:DMA2_Stream0_IRQHandler	8	static
../Core/Src/stm32f4xx_it.c:312:6:OTG_FS_IRQHandler	8	static
../Core/Src/stm32f4xx_it.c:326:6:DMA2_Stream6_IRQHandler	8	static
../Core/Src/stm32f4xx_it.c:340:6:DMA2_Stream7_IRQHandler	8	static
../Core/Src/stm32f4xx_it.c:354:6:USART6_IRQHandler	8	static
