c:\st\stm32cubeide_1.8.0\stm32cubeide\plugins\com.st.stm32cube.ide.mcu.externaltools.gnu-tools-for-stm32.10.3-2021.10.win32_1.0.0.202111181127\tools\arm-none-eabi\include\c++\10.3.1\bits\basic_string.h:533:7:std::__cxx11::basic_string<_CharT, _Traits, _Alloc>::basic_string(const _CharT*, const _Alloc&) [with _CharT = char; _Traits = std::char_traits<char>; _Alloc = std::allocator<char>]	24	static
../Core/Src/Components/Robot.cpp:21:1:Robot::Robot()	56	static
../Core/Src/Components/Robot.cpp:77:6:void Robot::setMovement(Robot::stepTypeDef)	0	static
../Core/Src/Components/Robot.cpp:91:6:void Robot::leds(uint8_t)	8	static
../Core/Src/Components/Robot.cpp:81:6:void Robot::error(Robot::errorTypeDef)	8	static
../Core/Src/Components/Robot.cpp:37:6:void Robot::init()	24	static
../Core/Src/Components/Robot.cpp:98:7:float Robot::batteryVoltage()	16	static
../Core/Src/Components/Robot.cpp:105:20:Robot::stepTypeDef Robot::nextStep()	0	static
../Core/Src/Components/Robot.cpp:56:6:void Robot::controlCallback()	80	static
