Archive member included to satisfy reference by file (symbol)

c:/st/stm32cubeide_1.8.0/stm32cubeide/plugins/com.st.stm32cube.ide.mcu.externaltools.gnu-tools-for-stm32.10.3-2021.10.win32_1.0.0.202111181127/tools/bin/../lib/gcc/arm-none-eabi/10.3.1/../../../../arm-none-eabi/lib/thumb/v7e-m+fp/hard\libc_nano.a(lib_a-errno.o)
                              ./Core/Src/syscalls.o (__errno)
c:/st/stm32cubeide_1.8.0/stm32cubeide/plugins/com.st.stm32cube.ide.mcu.externaltools.gnu-tools-for-stm32.10.3-2021.10.win32_1.0.0.202111181127/tools/bin/../lib/gcc/arm-none-eabi/10.3.1/../../../../arm-none-eabi/lib/thumb/v7e-m+fp/hard\libc_nano.a(lib_a-exit.o)
                              c:/st/stm32cubeide_1.8.0/stm32cubeide/plugins/com.st.stm32cube.ide.mcu.externaltools.gnu-tools-for-stm32.10.3-2021.10.win32_1.0.0.202111181127/tools/bin/../lib/gcc/arm-none-eabi/10.3.1/../../../../arm-none-eabi/lib/thumb/v7e-m+fp/hard/crt0.o (exit)
c:/st/stm32cubeide_1.8.0/stm32cubeide/plugins/com.st.stm32cube.ide.mcu.externaltools.gnu-tools-for-stm32.10.3-2021.10.win32_1.0.0.202111181127/tools/bin/../lib/gcc/arm-none-eabi/10.3.1/../../../../arm-none-eabi/lib/thumb/v7e-m+fp/hard\libc_nano.a(lib_a-impure.o)
                              c:/st/stm32cubeide_1.8.0/stm32cubeide/plugins/com.st.stm32cube.ide.mcu.externaltools.gnu-tools-for-stm32.10.3-2021.10.win32_1.0.0.202111181127/tools/bin/../lib/gcc/arm-none-eabi/10.3.1/../../../../arm-none-eabi/lib/thumb/v7e-m+fp/hard\libc_nano.a(lib_a-exit.o) (_global_impure_ptr)
c:/st/stm32cubeide_1.8.0/stm32cubeide/plugins/com.st.stm32cube.ide.mcu.externaltools.gnu-tools-for-stm32.10.3-2021.10.win32_1.0.0.202111181127/tools/bin/../lib/gcc/arm-none-eabi/10.3.1/../../../../arm-none-eabi/lib/thumb/v7e-m+fp/hard\libc_nano.a(lib_a-init.o)
                              c:/st/stm32cubeide_1.8.0/stm32cubeide/plugins/com.st.stm32cube.ide.mcu.externaltools.gnu-tools-for-stm32.10.3-2021.10.win32_1.0.0.202111181127/tools/bin/../lib/gcc/arm-none-eabi/10.3.1/../../../../arm-none-eabi/lib/thumb/v7e-m+fp/hard/crt0.o (__libc_init_array)
c:/st/stm32cubeide_1.8.0/stm32cubeide/plugins/com.st.stm32cube.ide.mcu.externaltools.gnu-tools-for-stm32.10.3-2021.10.win32_1.0.0.202111181127/tools/bin/../lib/gcc/arm-none-eabi/10.3.1/../../../../arm-none-eabi/lib/thumb/v7e-m+fp/hard\libc_nano.a(lib_a-memset.o)
                              c:/st/stm32cubeide_1.8.0/stm32cubeide/plugins/com.st.stm32cube.ide.mcu.externaltools.gnu-tools-for-stm32.10.3-2021.10.win32_1.0.0.202111181127/tools/bin/../lib/gcc/arm-none-eabi/10.3.1/../../../../arm-none-eabi/lib/thumb/v7e-m+fp/hard/crt0.o (memset)
c:/st/stm32cubeide_1.8.0/stm32cubeide/plugins/com.st.stm32cube.ide.mcu.externaltools.gnu-tools-for-stm32.10.3-2021.10.win32_1.0.0.202111181127/tools/bin/../lib/gcc/arm-none-eabi/10.3.1/thumb/v7e-m+fp/hard\libgcc.a(_aeabi_uldivmod.o)
                              ./Drivers/STM32F4xx_HAL_Driver/Src/stm32f4xx_hal_rcc.o (__aeabi_uldivmod)
c:/st/stm32cubeide_1.8.0/stm32cubeide/plugins/com.st.stm32cube.ide.mcu.externaltools.gnu-tools-for-stm32.10.3-2021.10.win32_1.0.0.202111181127/tools/bin/../lib/gcc/arm-none-eabi/10.3.1/thumb/v7e-m+fp/hard\libgcc.a(_udivmoddi4.o)
                              c:/st/stm32cubeide_1.8.0/stm32cubeide/plugins/com.st.stm32cube.ide.mcu.externaltools.gnu-tools-for-stm32.10.3-2021.10.win32_1.0.0.202111181127/tools/bin/../lib/gcc/arm-none-eabi/10.3.1/thumb/v7e-m+fp/hard\libgcc.a(_aeabi_uldivmod.o) (__udivmoddi4)
c:/st/stm32cubeide_1.8.0/stm32cubeide/plugins/com.st.stm32cube.ide.mcu.externaltools.gnu-tools-for-stm32.10.3-2021.10.win32_1.0.0.202111181127/tools/bin/../lib/gcc/arm-none-eabi/10.3.1/thumb/v7e-m+fp/hard\libgcc.a(_dvmd_tls.o)
                              c:/st/stm32cubeide_1.8.0/stm32cubeide/plugins/com.st.stm32cube.ide.mcu.externaltools.gnu-tools-for-stm32.10.3-2021.10.win32_1.0.0.202111181127/tools/bin/../lib/gcc/arm-none-eabi/10.3.1/thumb/v7e-m+fp/hard\libgcc.a(_aeabi_uldivmod.o) (__aeabi_ldiv0)

Discarded input sections

 .text          0x0000000000000000        0x0 c:/st/stm32cubeide_1.8.0/stm32cubeide/plugins/com.st.stm32cube.ide.mcu.externaltools.gnu-tools-for-stm32.10.3-2021.10.win32_1.0.0.202111181127/tools/bin/../lib/gcc/arm-none-eabi/10.3.1/thumb/v7e-m+fp/hard/crti.o
 .data          0x0000000000000000        0x0 c:/st/stm32cubeide_1.8.0/stm32cubeide/plugins/com.st.stm32cube.ide.mcu.externaltools.gnu-tools-for-stm32.10.3-2021.10.win32_1.0.0.202111181127/tools/bin/../lib/gcc/arm-none-eabi/10.3.1/thumb/v7e-m+fp/hard/crti.o
 .bss           0x0000000000000000        0x0 c:/st/stm32cubeide_1.8.0/stm32cubeide/plugins/com.st.stm32cube.ide.mcu.externaltools.gnu-tools-for-stm32.10.3-2021.10.win32_1.0.0.202111181127/tools/bin/../lib/gcc/arm-none-eabi/10.3.1/thumb/v7e-m+fp/hard/crti.o
[...]
Memory Configuration

Name             Origin             Length             Attributes
CCMRAM           0x0000000010000000 0x0000000000010000 xrw
RAM              0x0000000020000000 0x0000000000020000 xrw
FLASH            0x0000000008000000 0x0000000000100000 xr
*default*        0x0000000000000000 0xffffffffffffffff

Linker script and memory map

LOAD c:/st/stm32cubeide_1.8.0/stm32cubeide/plugins/com.st.stm32cube.ide.mcu.externaltools.gnu-tools-for-stm32.10.3-2021.10.win32_1.0.0.202111181127/tools/bin/../lib/gcc/arm-none-eabi/10.3.1/thumb/v7e-m+fp/hard/crti.o
LOAD c:/st/stm32cubeide_1.8.0/stm32cubeide/plugins/com.st.stm32cube.ide.mcu.externaltools.gnu-tools-for-stm32.10.3-2021.10.win32_1.0.0.202111181127/tools/bin/../lib/gcc/arm-none-eabi/10.3.1/thumb/v7e-m+fp/hard/crtbegin.o
LOAD c:/st/stm32cubeide_1.8.0/stm32cubeide/plugins/com.st.stm32cube.ide.mcu.externaltools.gnu-tools-for-stm32.10.3-2021.10.win32_1.0.0.202111181127/tools/bin/../lib/gcc/arm-none-eabi/10.3.1/../../../../arm-none-eabi/lib/thumb/v7e-m+fp/hard/crt0.o
LOAD ./Core/Src/main.o
LOAD ./Core/Src/stm32f4xx_hal_msp.o
LOAD ./Core/Src/stm32f4xx_it.o
LOAD ./Core/Src/syscalls.o
LOAD ./Core/Src/sysmem.o
LOAD ./Core/Src/system_stm32f4xx.o
LOAD ./Core/Startup/startup_stm32f407vgtx.o
LOAD ./Drivers/STM32F4xx_HAL_Driver/Src/stm32f4xx_hal.o
LOAD ./Drivers/STM32F4xx_HAL_Driver/Src/stm32f4xx_hal_adc.o
LOAD ./Drivers/STM32F4xx_HAL_Driver/Src/stm32f4xx_hal_adc_ex.o
LOAD ./Drivers/STM32F4xx_HAL_Driver/Src/stm32f4xx_hal_cortex.o
LOAD ./Drivers/STM32F4xx_HAL_Driver/Src/stm32f4xx_hal_dma.o
LOAD ./Drivers/STM32F4xx_HAL_Driver/Src/stm32f4xx_hal_dma_ex.o
LOAD ./Drivers/STM32F4xx_HAL_Driver/Src/stm32f4xx_hal_exti.o
LOAD ./Drivers/STM32F4xx_HAL_Driver/Src/stm32f4xx_hal_flash.o
LOAD ./Drivers/STM32F4xx_HAL_Driver/Src/stm32f4xx_hal_flash_ex.o
LOAD ./Drivers/STM32F4xx_HAL_Driver/Src/stm32f4xx_hal_flash_ramfunc.o
LOAD ./Drivers/STM32F4xx_HAL_Driver/Src/stm32f4xx_hal_gpio.o
LOAD ./Drivers/STM32F4xx_HAL_Driver/Src/stm32f4xx_hal_pcd.o
LOAD ./Drivers/STM32F4xx_HAL_Driver/Src/stm32f4xx_hal_pcd_ex.o
LOAD ./Drivers/STM32F4xx_HAL_Driver/Src/stm32f4xx_hal_pwr.o
LOAD ./Drivers/STM32F4xx_HAL_Driver/Src/stm32f4xx_hal_pwr_ex.o
LOAD ./Drivers/STM32F4xx_HAL_Driver/Src/stm32f4xx_hal_rcc.o
LOAD ./Drivers/STM32F4xx_HAL_Driver/Src/stm32f4xx_hal_rcc_ex.o
LOAD ./Drivers/STM32F4xx_HAL_Driver/Src/stm32f4xx_hal_sd.o
LOAD ./Drivers/STM32F4xx_HAL_Driver/Src/stm32f4xx_hal_spi.o
LOAD ./Drivers/STM32F4xx_HAL_Driver/Src/stm32f4xx_hal_tim.o
LOAD ./Drivers/STM32F4xx_HAL_Driver/Src/stm32f4xx_hal_tim_ex.o
LOAD ./Drivers/STM32F4xx_HAL_Driver/Src/stm32f4xx_hal_uart.o
LOAD ./Drivers/STM32F4xx_HAL_Driver/Src/stm32f4xx_ll_adc.o
LOAD ./Drivers/STM32F4xx_HAL_Driver/Src/stm32f4xx_ll_sdmmc.o
LOAD ./Drivers/STM32F4xx_HAL_Driver/Src/stm32f4xx_ll_usb.o
LOAD ./FATFS/App/fatfs.o
LOAD ./FATFS/Target/bsp_driver_sd.o
LOAD ./FATFS/Target/fatfs_platform.o
LOAD ./FATFS/Target/sd_diskio.o
LOAD ./Middlewares/ST/STM32_USB_Device_Library/Class/CDC/Src/usbd_cdc.o
LOAD ./Middlewares/ST/STM32_USB_Device_Library/Core/Src/usbd_core.o
LOAD ./Middlewares/ST/STM32_USB_Device_Library/Core/Src/usbd_ctlreq.o
LOAD ./Middlewares/ST/STM32_USB_Device_Library/Core/Src/usbd_ioreq.o
LOAD ./Middlewares/Third_Party/FatFs/src/diskio.o
LOAD ./Middlewares/Third_Party/FatFs/src/ff.o
LOAD ./Middlewares/Third_Party/FatFs/src/ff_gen_drv.o
LOAD ./Middlewares/Third_Party/FatFs/src/option/syscall.o
LOAD ./USB_DEVICE/App/usb_device.o
LOAD ./USB_DEVICE/App/usbd_cdc_if.o
LOAD ./USB_DEVICE/App/usbd_desc.o
LOAD ./USB_DEVICE/Target/usbd_conf.o
START GROUP
LOAD c:/st/stm32cubeide_1.8.0/stm32cubeide/plugins/com.st.stm32cube.ide.mcu.externaltools.gnu-tools-for-stm32.10.3-2021.10.win32_1.0.0.202111181127/tools/bin/../lib/gcc/arm-none-eabi/10.3.1/../../../../arm-none-eabi/lib/thumb/v7e-m+fp/hard\libc_nano.a
LOAD c:/st/stm32cubeide_1.8.0/stm32cubeide/plugins/com.st.stm32cube.ide.mcu.externaltools.gnu-tools-for-stm32.10.3-2021.10.win32_1.0.0.202111181127/tools/bin/../lib/gcc/arm-none-eabi/10.3.1/../../../../arm-none-eabi/lib/thumb/v7e-m+fp/hard\libm.a
END GROUP
START GROUP
LOAD c:/st/stm32cubeide_1.8.0/stm32cubeide/plugins/com.st.stm32cube.ide.mcu.externaltools.gnu-tools-for-stm32.10.3-2021.10.win32_1.0.0.202111181127/tools/bin/../lib/gcc/arm-none-eabi/10.3.1/thumb/v7e-m+fp/hard\libgcc.a
LOAD c:/st/stm32cubeide_1.8.0/stm32cubeide/plugins/com.st.stm32cube.ide.mcu.externaltools.gnu-tools-for-stm32.10.3-2021.10.win32_1.0.0.202111181127/tools/bin/../lib/gcc/arm-none-eabi/10.3.1/../../../../arm-none-eabi/lib/thumb/v7e-m+fp/hard\libc_nano.a
END GROUP
START GROUP
LOAD c:/st/stm32cubeide_1.8.0/stm32cubeide/plugins/com.st.stm32cube.ide.mcu.externaltools.gnu-tools-for-stm32.10.3-2021.10.win32_1.0.0.202111181127/tools/bin/../lib/gcc/arm-none-eabi/10.3.1/thumb/v7e-m+fp/hard\libgcc.a
LOAD c:/st/stm32cubeide_1.8.0/stm32cubeide/plugins/com.st.stm32cube.ide.mcu.externaltools.gnu-tools-for-stm32.10.3-2021.10.win32_1.0.0.202111181127/tools/bin/../lib/gcc/arm-none-eabi/10.3.1/../../../../arm-none-eabi/lib/thumb/v7e-m+fp/hard\libc_nano.a
LOAD c:/st/stm32cubeide_1.8.0/stm32cubeide/plugins/com.st.stm32cube.ide.mcu.externaltools.gnu-tools-for-stm32.10.3-2021.10.win32_1.0.0.202111181127/tools/bin/../lib/gcc/arm-none-eabi/10.3.1/../../../../arm-none-eabi/lib/thumb/v7e-m+fp/hard\libnosys.a
END GROUP
START GROUP
LOAD c:/st/stm32cubeide_1.8.0/stm32cubeide/plugins/com.st.stm32cube.ide.mcu.externaltools.gnu-tools-for-stm32.10.3-2021.10.win32_1.0.0.202111181127/tools/bin/../lib/gcc/arm-none-eabi/10.3.1/thumb/v7e-m+fp/hard\libgcc.a
LOAD c:/st/stm32cubeide_1.8.0/stm32cubeide/plugins/com.st.stm32cube.ide.mcu.externaltools.gnu-tools-for-stm32.10.3-2021.10.win32_1.0.0.202111181127/tools/bin/../lib/gcc/arm-none-eabi/10.3.1/../../../../arm-none-eabi/lib/thumb/v7e-m+fp/hard\libc_nano.a
LOAD c:/st/stm32cubeide_1.8.0/stm32cubeide/plugins/com.st.stm32cube.ide.mcu.externaltools.gnu-tools-for-stm32.10.3-2021.10.win32_1.0.0.202111181127/tools/bin/../lib/gcc/arm-none-eabi/10.3.1/../../../../arm-none-eabi/lib/thumb/v7e-m+fp/hard\libnosys.a
END GROUP
LOAD c:/st/stm32cubeide_1.8.0/stm32cubeide/plugins/com.st.stm32cube.ide.mcu.externaltools.gnu-tools-for-stm32.10.3-2021.10.win32_1.0.0.202111181127/tools/bin/../lib/gcc/arm-none-eabi/10.3.1/thumb/v7e-m+fp/hard/crtend.o
LOAD c:/st/stm32cubeide_1.8.0/stm32cubeide/plugins/com.st.stm32cube.ide.mcu.externaltools.gnu-tools-for-stm32.10.3-2021.10.win32_1.0.0.202111181127/tools/bin/../lib/gcc/arm-none-eabi/10.3.1/thumb/v7e-m+fp/hard/crtn.o
                0x0000000020020000                _estack = (ORIGIN (RAM) + LENGTH (RAM))
                0x0000000000000200                _Min_Heap_Size = 0x200
                0x0000000000000400                _Min_Stack_Size = 0x400

.isr_vector     0x0000000008000000      0x188
                0x0000000008000000                . = ALIGN (0x4)
 *(.isr_vector)
 .isr_vector    0x0000000008000000      0x188 ./Core/Startup/startup_stm32f407vgtx.o
                0x0000000008000000                g_pfnVectors
                0x0000000008000188                . = ALIGN (0x4)

.text           0x0000000008000188     0xc358
                0x0000000008000188                . = ALIGN (0x4)
 *(.text)
 .text          0x0000000008000188       0x40 c:/st/stm32cubeide_1.8.0/stm32cubeide/plugins/com.st.stm32cube.ide.mcu.externaltools.gnu-tools-for-stm32.10.3-2021.10.win32_1.0.0.202111181127/tools/bin/../lib/gcc/arm-none-eabi/10.3.1/thumb/v7e-m+fp/hard/crtbegin.o
 .text          0x00000000080001c8       0x30 c:/st/stm32cubeide_1.8.0/stm32cubeide/plugins/com.st.stm32cube.ide.mcu.externaltools.gnu-tools-for-stm32.10.3-2021.10.win32_1.0.0.202111181127/tools/bin/../lib/gcc/arm-none-eabi/10.3.1/thumb/v7e-m+fp/hard\libgcc.a(_aeabi_uldivmod.o)
                0x00000000080001c8                __aeabi_uldivmod
 .text          0x00000000080001f8      0x2d0 c:/st/stm32cubeide_1.8.0/stm32cubeide/plugins/com.st.stm32cube.ide.mcu.externaltools.gnu-tools-for-stm32.10.3-2021.10.win32_1.0.0.202111181127/tools/bin/../lib/gcc/arm-none-eabi/10.3.1/thumb/v7e-m+fp/hard\libgcc.a(_udivmoddi4.o)
                0x00000000080001f8                __udivmoddi4
 .text          0x00000000080004c8        0x4 c:/st/stm32cubeide_1.8.0/stm32cubeide/plugins/com.st.stm32cube.ide.mcu.externaltools.gnu-tools-for-stm32.10.3-2021.10.win32_1.0.0.202111181127/tools/bin/../lib/gcc/arm-none-eabi/10.3.1/thumb/v7e-m+fp/hard\libgcc.a(_dvmd_tls.o)
                0x00000000080004c8                __aeabi_idiv0
                0x00000000080004c8                __aeabi_ldiv0
 *(.text*)
 .text.main     0x00000000080004cc       0x5c ./Core/Src/main.o
                0x00000000080004cc                main
 .text.SystemClock_Config
                0x0000000008000528       0xd4 ./Core/Src/main.o
                0x0000000008000528                SystemClock_Config
 .text.MX_ADC1_Init
                0x00000000080005fc       0xa4 ./Core/Src/main.o
 .text.MX_SDIO_SD_Init
                0x00000000080006a0       0x40 ./Core/Src/main.o
 .text.MX_SPI1_Init
                0x00000000080006e0       0x6c ./Core/Src/main.o
 .text.MX_SPI2_Init
                0x000000000800074c       0x6c ./Core/Src/main.o
 .text.MX_TIM3_Init
                0x00000000080007b8       0xf4 ./Core/Src/main.o
 .text.MX_TIM4_Init
                0x00000000080008ac       0xc8 ./Core/Src/main.o
 .text.MX_TIM6_Init
                0x0000000008000974       0x6c ./Core/Src/main.o
 .text.MX_UART4_Init
                0x00000000080009e0       0x54 ./Core/Src/main.o
 .text.MX_USART1_UART_Init
                0x0000000008000a34       0x54 ./Core/Src/main.o
 .text.MX_USART2_UART_Init
                0x0000000008000a88       0x54 ./Core/Src/main.o
 .text.MX_USART3_UART_Init
                0x0000000008000adc       0x54 ./Core/Src/main.o
 .text.MX_USART6_UART_Init
                0x0000000008000b30       0x54 ./Core/Src/main.o
 .text.MX_DMA_Init
                0x0000000008000b84       0x9c ./Core/Src/main.o
 .text.MX_GPIO_Init
                0x0000000008000c20      0x198 ./Core/Src/main.o
 .text.Error_Handler
                0x0000000008000db8       0x20 ./Core/Src/main.o
                0x0000000008000db8                Error_Handler
 .text.HAL_MspInit
                0x0000000008000dd8       0x50 ./Core/Src/stm32f4xx_hal_msp.o
                0x0000000008000dd8                HAL_MspInit
 .text.HAL_ADC_MspInit
                0x0000000008000e28       0xec ./Core/Src/stm32f4xx_hal_msp.o
                0x0000000008000e28                HAL_ADC_MspInit
 .text.HAL_SD_MspInit
                0x0000000008000f14       0xd0 ./Core/Src/stm32f4xx_hal_msp.o
                0x0000000008000f14                HAL_SD_MspInit
 .text.HAL_SPI_MspInit
                0x0000000008000fe4      0x13c ./Core/Src/stm32f4xx_hal_msp.o
                0x0000000008000fe4                HAL_SPI_MspInit
 .text.HAL_TIM_PWM_MspInit
                0x0000000008001120       0x70 ./Core/Src/stm32f4xx_hal_msp.o
                0x0000000008001120                HAL_TIM_PWM_MspInit
 .text.HAL_TIM_Base_MspInit
                0x0000000008001190       0x50 ./Core/Src/stm32f4xx_hal_msp.o
                0x0000000008001190                HAL_TIM_Base_MspInit
 .text.HAL_TIM_MspPostInit
                0x00000000080011e0      0x100 ./Core/Src/stm32f4xx_hal_msp.o
                0x00000000080011e0                HAL_TIM_MspPostInit
 .text.HAL_UART_MspInit
                0x00000000080012e0      0x428 ./Core/Src/stm32f4xx_hal_msp.o
                0x00000000080012e0                HAL_UART_MspInit
 .text.NMI_Handler
                0x0000000008001708        0x6 ./Core/Src/stm32f4xx_it.o
                0x0000000008001708                NMI_Handler
 .text.HardFault_Handler
                0x000000000800170e        0x6 ./Core/Src/stm32f4xx_it.o
                0x000000000800170e                HardFault_Handler
 .text.MemManage_Handler
                0x0000000008001714        0x6 ./Core/Src/stm32f4xx_it.o
                0x0000000008001714                MemManage_Handler
 .text.BusFault_Handler
                0x000000000800171a        0x6 ./Core/Src/stm32f4xx_it.o
                0x000000000800171a                BusFault_Handler
 .text.UsageFault_Handler
                0x0000000008001720        0x6 ./Core/Src/stm32f4xx_it.o
                0x0000000008001720                UsageFault_Handler
 .text.SVC_Handler
                0x0000000008001726        0xe ./Core/Src/stm32f4xx_it.o
                0x0000000008001726                SVC_Handler
 .text.DebugMon_Handler
                0x0000000008001734        0xe ./Core/Src/stm32f4xx_it.o
                0x0000000008001734                DebugMon_Handler
 .text.PendSV_Handler
                0x0000000008001742        0xe ./Core/Src/stm32f4xx_it.o
                0x0000000008001742                PendSV_Handler
 .text.SysTick_Handler
                0x0000000008001750        0xc ./Core/Src/stm32f4xx_it.o
                0x0000000008001750                SysTick_Handler
 .text.DMA1_Stream3_IRQHandler
                0x000000000800175c       0x14 ./Core/Src/stm32f4xx_it.o
                0x000000000800175c                DMA1_Stream3_IRQHandler
 .text.DMA1_Stream6_IRQHandler
                0x0000000008001770       0x14 ./Core/Src/stm32f4xx_it.o
                0x0000000008001770                DMA1_Stream6_IRQHandler
 .text.USART1_IRQHandler
                0x0000000008001784       0x14 ./Core/Src/stm32f4xx_it.o
                0x0000000008001784                USART1_IRQHandler
 .text.USART2_IRQHandler
                0x0000000008001798       0x14 ./Core/Src/stm32f4xx_it.o
                0x0000000008001798                USART2_IRQHandler
 .text.USART3_IRQHandler
                0x00000000080017ac       0x14 ./Core/Src/stm32f4xx_it.o
                0x00000000080017ac                USART3_IRQHandler
 .text.UART4_IRQHandler
                0x00000000080017c0       0x14 ./Core/Src/stm32f4xx_it.o
                0x00000000080017c0                UART4_IRQHandler
 .text.TIM6_DAC_IRQHandler
                0x00000000080017d4       0x14 ./Core/Src/stm32f4xx_it.o
                0x00000000080017d4                TIM6_DAC_IRQHandler
 .text.DMA2_Stream0_IRQHandler
                0x00000000080017e8       0x14 ./Core/Src/stm32f4xx_it.o
                0x00000000080017e8                DMA2_Stream0_IRQHandler
 .text.OTG_FS_IRQHandler
                0x00000000080017fc       0x14 ./Core/Src/stm32f4xx_it.o
                0x00000000080017fc                OTG_FS_IRQHandler
 .text.DMA2_Stream6_IRQHandler
                0x0000000008001810       0x14 ./Core/Src/stm32f4xx_it.o
                0x0000000008001810                DMA2_Stream6_IRQHandler
 .text.DMA2_Stream7_IRQHandler
                0x0000000008001824       0x14 ./Core/Src/stm32f4xx_it.o
                0x0000000008001824                DMA2_Stream7_IRQHandler
 .text.USART6_IRQHandler
                0x0000000008001838       0x14 ./Core/Src/stm32f4xx_it.o
                0x0000000008001838                USART6_IRQHandler
 .text.SystemInit
                0x000000000800184c       0x24 ./Core/Src/system_stm32f4xx.o
                0x000000000800184c                SystemInit
 .text.Reset_Handler
                0x0000000008001870       0x50 ./Core/Startup/startup_stm32f407vgtx.o
                0x0000000008001870                Reset_Handler
 .text.Default_Handler
                0x00000000080018c0        0x2 ./Core/Startup/startup_stm32f407vgtx.o
                0x00000000080018c0                RTC_Alarm_IRQHandler
                0x00000000080018c0                HASH_RNG_IRQHandler
                0x00000000080018c0                EXTI2_IRQHandler
                0x00000000080018c0                TIM8_CC_IRQHandler
                0x00000000080018c0                TIM1_CC_IRQHandler
                0x00000000080018c0                DMA2_Stream5_IRQHandler
                0x00000000080018c0                DMA1_Stream5_IRQHandler
                0x00000000080018c0                PVD_IRQHandler
                0x00000000080018c0                SDIO_IRQHandler
                0x00000000080018c0                TAMP_STAMP_IRQHandler
                0x00000000080018c0                CAN2_RX1_IRQHandler
                0x00000000080018c0                EXTI3_IRQHandler
                0x00000000080018c0                TIM8_TRG_COM_TIM14_IRQHandler
                0x00000000080018c0                TIM1_UP_TIM10_IRQHandler
                0x00000000080018c0                TIM8_UP_TIM13_IRQHandler
                0x00000000080018c0                I2C3_ER_IRQHandler
                0x00000000080018c0                EXTI0_IRQHandler
                0x00000000080018c0                I2C2_EV_IRQHandler
                0x00000000080018c0                DMA1_Stream2_IRQHandler
                0x00000000080018c0                CAN1_RX0_IRQHandler
                0x00000000080018c0                FPU_IRQHandler
                0x00000000080018c0                OTG_HS_WKUP_IRQHandler
                0x00000000080018c0                CAN2_SCE_IRQHandler
                0x00000000080018c0                DMA2_Stream2_IRQHandler
                0x00000000080018c0                SPI1_IRQHandler
                0x00000000080018c0                TIM1_BRK_TIM9_IRQHandler
                0x00000000080018c0                DCMI_IRQHandler
                0x00000000080018c0                CAN2_RX0_IRQHandler
                0x00000000080018c0                DMA2_Stream3_IRQHandler
                0x00000000080018c0                CAN1_RX1_IRQHandler
                0x00000000080018c0                UART5_IRQHandler
                0x00000000080018c0                TIM4_IRQHandler
                0x00000000080018c0                I2C1_EV_IRQHandler
                0x00000000080018c0                DMA1_Stream1_IRQHandler
                0x00000000080018c0                TIM3_IRQHandler
                0x00000000080018c0                RCC_IRQHandler
                0x00000000080018c0                TIM8_BRK_TIM12_IRQHandler
                0x00000000080018c0                Default_Handler
                0x00000000080018c0                EXTI15_10_IRQHandler
                0x00000000080018c0                ADC_IRQHandler
                0x00000000080018c0                DMA1_Stream7_IRQHandler
                0x00000000080018c0                TIM7_IRQHandler
                0x00000000080018c0                CAN2_TX_IRQHandler
                0x00000000080018c0                TIM5_IRQHandler
                0x00000000080018c0                I2C3_EV_IRQHandler
                0x00000000080018c0                EXTI9_5_IRQHandler
                0x00000000080018c0                RTC_WKUP_IRQHandler
                0x00000000080018c0                ETH_WKUP_IRQHandler
                0x00000000080018c0                SPI2_IRQHandler
                0x00000000080018c0                OTG_HS_EP1_IN_IRQHandler
                0x00000000080018c0                DMA1_Stream0_IRQHandler
                0x00000000080018c0                CAN1_TX_IRQHandler
                0x00000000080018c0                EXTI4_IRQHandler
                0x00000000080018c0                FSMC_IRQHandler
                0x00000000080018c0                ETH_IRQHandler
                0x00000000080018c0                OTG_HS_EP1_OUT_IRQHandler
                0x00000000080018c0                WWDG_IRQHandler
                0x00000000080018c0                TIM2_IRQHandler
                0x00000000080018c0                OTG_FS_WKUP_IRQHandler
                0x00000000080018c0                TIM1_TRG_COM_TIM11_IRQHandler
                0x00000000080018c0                OTG_HS_IRQHandler
                0x00000000080018c0                EXTI1_IRQHandler
                0x00000000080018c0                I2C2_ER_IRQHandler
                0x00000000080018c0                DMA2_Stream1_IRQHandler
                0x00000000080018c0                CAN1_SCE_IRQHandler
                0x00000000080018c0                FLASH_IRQHandler
                0x00000000080018c0                DMA2_Stream4_IRQHandler
                0x00000000080018c0                SPI3_IRQHandler
                0x00000000080018c0                DMA1_Stream4_IRQHandler
                0x00000000080018c0                I2C1_ER_IRQHandler
 *fill*         0x00000000080018c2        0x2 
 .text.HAL_Init
                0x00000000080018c4       0x44 ./Drivers/STM32F4xx_HAL_Driver/Src/stm32f4xx_hal.o
                0x00000000080018c4                HAL_Init
 .text.HAL_InitTick
                0x0000000008001908       0x60 ./Drivers/STM32F4xx_HAL_Driver/Src/stm32f4xx_hal.o
                0x0000000008001908                HAL_InitTick
 .text.HAL_IncTick
                0x0000000008001968       0x28 ./Drivers/STM32F4xx_HAL_Driver/Src/stm32f4xx_hal.o
                0x0000000008001968                HAL_IncTick
 .text.HAL_GetTick
                0x0000000008001990       0x18 ./Drivers/STM32F4xx_HAL_Driver/Src/stm32f4xx_hal.o
                0x0000000008001990                HAL_GetTick
 .text.HAL_Delay
                0x00000000080019a8       0x48 ./Drivers/STM32F4xx_HAL_Driver/Src/stm32f4xx_hal.o
                0x00000000080019a8                HAL_Delay
 .text.HAL_ADC_Init
                0x00000000080019f0       0x86 ./Drivers/STM32F4xx_HAL_Driver/Src/stm32f4xx_hal_adc.o
                0x00000000080019f0                HAL_ADC_Init
 *fill*         0x0000000008001a76        0x2 
 .text.HAL_ADC_ConfigChannel
                0x0000000008001a78      0x244 ./Drivers/STM32F4xx_HAL_Driver/Src/stm32f4xx_hal_adc.o
                0x0000000008001a78                HAL_ADC_ConfigChannel
 .text.ADC_Init
                0x0000000008001cbc      0x1f8 ./Drivers/STM32F4xx_HAL_Driver/Src/stm32f4xx_hal_adc.o
 .text.__NVIC_SetPriorityGrouping
                0x0000000008001eb4       0x48 ./Drivers/STM32F4xx_HAL_Driver/Src/stm32f4xx_hal_cortex.o
 .text.__NVIC_GetPriorityGrouping
                0x0000000008001efc       0x1c ./Drivers/STM32F4xx_HAL_Driver/Src/stm32f4xx_hal_cortex.o
 .text.__NVIC_EnableIRQ
                0x0000000008001f18       0x3c ./Drivers/STM32F4xx_HAL_Driver/Src/stm32f4xx_hal_cortex.o
 .text.__NVIC_SetPriority
                0x0000000008001f54       0x54 ./Drivers/STM32F4xx_HAL_Driver/Src/stm32f4xx_hal_cortex.o
 .text.NVIC_EncodePriority
                0x0000000008001fa8       0x66 ./Drivers/STM32F4xx_HAL_Driver/Src/stm32f4xx_hal_cortex.o
 *fill*         0x000000000800200e        0x2 
 .text.SysTick_Config
                0x0000000008002010       0x44 ./Drivers/STM32F4xx_HAL_Driver/Src/stm32f4xx_hal_cortex.o
 .text.HAL_NVIC_SetPriorityGrouping
                0x0000000008002054       0x16 ./Drivers/STM32F4xx_HAL_Driver/Src/stm32f4xx_hal_cortex.o
                0x0000000008002054                HAL_NVIC_SetPriorityGrouping
 .text.HAL_NVIC_SetPriority
                0x000000000800206a       0x38 ./Drivers/STM32F4xx_HAL_Driver/Src/stm32f4xx_hal_cortex.o
                0x000000000800206a                HAL_NVIC_SetPriority
 .text.HAL_NVIC_EnableIRQ
                0x00000000080020a2       0x1c ./Drivers/STM32F4xx_HAL_Driver/Src/stm32f4xx_hal_cortex.o
                0x00000000080020a2                HAL_NVIC_EnableIRQ
 .text.HAL_SYSTICK_Config
                0x00000000080020be       0x18 ./Drivers/STM32F4xx_HAL_Driver/Src/stm32f4xx_hal_cortex.o
                0x00000000080020be                HAL_SYSTICK_Config
 *fill*         0x00000000080020d6        0x2 
 .text.HAL_DMA_Init
                0x00000000080020d8      0x15c ./Drivers/STM32F4xx_HAL_Driver/Src/stm32f4xx_hal_dma.o
                0x00000000080020d8                HAL_DMA_Init
 .text.HAL_DMA_Abort
                0x0000000008002234       0xe0 ./Drivers/STM32F4xx_HAL_Driver/Src/stm32f4xx_hal_dma.o
                0x0000000008002234                HAL_DMA_Abort
 .text.HAL_DMA_Abort_IT
                0x0000000008002314       0x44 ./Drivers/STM32F4xx_HAL_Driver/Src/stm32f4xx_hal_dma.o
                0x0000000008002314                HAL_DMA_Abort_IT
 .text.HAL_DMA_IRQHandler
                0x0000000008002358      0x314 ./Drivers/STM32F4xx_HAL_Driver/Src/stm32f4xx_hal_dma.o
                0x0000000008002358                HAL_DMA_IRQHandler
 .text.DMA_CalcBaseAndBitshift
                0x000000000800266c       0x6c ./Drivers/STM32F4xx_HAL_Driver/Src/stm32f4xx_hal_dma.o
 .text.DMA_CheckFifoParam
                0x00000000080026d8       0xf8 ./Drivers/STM32F4xx_HAL_Driver/Src/stm32f4xx_hal_dma.o
 .text.HAL_GPIO_Init
                0x00000000080027d0      0x338 ./Drivers/STM32F4xx_HAL_Driver/Src/stm32f4xx_hal_gpio.o
                0x00000000080027d0                HAL_GPIO_Init
 .text.HAL_GPIO_ReadPin
                0x0000000008002b08       0x30 ./Drivers/STM32F4xx_HAL_Driver/Src/stm32f4xx_hal_gpio.o
                0x0000000008002b08                HAL_GPIO_ReadPin
 .text.HAL_GPIO_WritePin
                0x0000000008002b38       0x32 ./Drivers/STM32F4xx_HAL_Driver/Src/stm32f4xx_hal_gpio.o
                0x0000000008002b38                HAL_GPIO_WritePin
 .text.HAL_GPIO_TogglePin
                0x0000000008002b6a       0x34 ./Drivers/STM32F4xx_HAL_Driver/Src/stm32f4xx_hal_gpio.o
                0x0000000008002b6a                HAL_GPIO_TogglePin
 .text.HAL_PCD_Init
                0x0000000008002b9e      0x23a ./Drivers/STM32F4xx_HAL_Driver/Src/stm32f4xx_hal_pcd.o
                0x0000000008002b9e                HAL_PCD_Init
 .text.HAL_PCD_Start
                0x0000000008002dd8       0x66 ./Drivers/STM32F4xx_HAL_Driver/Src/stm32f4xx_hal_pcd.o
                0x0000000008002dd8                HAL_PCD_Start
 .text.HAL_PCD_IRQHandler
                0x0000000008002e3e      0x93e ./Drivers/STM32F4xx_HAL_Driver/Src/stm32f4xx_hal_pcd.o
                0x0000000008002e3e                HAL_PCD_IRQHandler
 .text.HAL_PCD_SetAddress
                0x000000000800377c       0x4a ./Drivers/STM32F4xx_HAL_Driver/Src/stm32f4xx_hal_pcd.o
                0x000000000800377c                HAL_PCD_SetAddress
 .text.HAL_PCD_EP_Open
                0x00000000080037c6       0xd0 ./Drivers/STM32F4xx_HAL_Driver/Src/stm32f4xx_hal_pcd.o
                0x00000000080037c6                HAL_PCD_EP_Open
 .text.HAL_PCD_EP_Close
                0x0000000008003896       0x94 ./Drivers/STM32F4xx_HAL_Driver/Src/stm32f4xx_hal_pcd.o
                0x0000000008003896                HAL_PCD_EP_Close
 .text.HAL_PCD_EP_Receive
                0x000000000800392a       0x96 ./Drivers/STM32F4xx_HAL_Driver/Src/stm32f4xx_hal_pcd.o
                0x000000000800392a                HAL_PCD_EP_Receive
 .text.HAL_PCD_EP_GetRxCount
                0x00000000080039c0       0x30 ./Drivers/STM32F4xx_HAL_Driver/Src/stm32f4xx_hal_pcd.o
                0x00000000080039c0                HAL_PCD_EP_GetRxCount
 .text.HAL_PCD_EP_Transmit
                0x00000000080039f0       0x94 ./Drivers/STM32F4xx_HAL_Driver/Src/stm32f4xx_hal_pcd.o
                0x00000000080039f0                HAL_PCD_EP_Transmit
 .text.HAL_PCD_EP_SetStall
                0x0000000008003a84       0xc8 ./Drivers/STM32F4xx_HAL_Driver/Src/stm32f4xx_hal_pcd.o
                0x0000000008003a84                HAL_PCD_EP_SetStall
 .text.HAL_PCD_EP_ClrStall
                0x0000000008003b4c       0xac ./Drivers/STM32F4xx_HAL_Driver/Src/stm32f4xx_hal_pcd.o
                0x0000000008003b4c                HAL_PCD_EP_ClrStall
 .text.HAL_PCD_EP_Abort
                0x0000000008003bf8       0x62 ./Drivers/STM32F4xx_HAL_Driver/Src/stm32f4xx_hal_pcd.o
                0x0000000008003bf8                HAL_PCD_EP_Abort
 .text.PCD_WriteEmptyTxFifo
                0x0000000008003c5a      0x11a ./Drivers/STM32F4xx_HAL_Driver/Src/stm32f4xx_hal_pcd.o
 .text.PCD_EP_OutXfrComplete_int
                0x0000000008003d74      0x1d0 ./Drivers/STM32F4xx_HAL_Driver/Src/stm32f4xx_hal_pcd.o
 .text.PCD_EP_OutSetupPacket_int
                0x0000000008003f44       0x8c ./Drivers/STM32F4xx_HAL_Driver/Src/stm32f4xx_hal_pcd.o
 .text.HAL_PCDEx_SetTxFiFo
                0x0000000008003fd0       0x8e ./Drivers/STM32F4xx_HAL_Driver/Src/stm32f4xx_hal_pcd_ex.o
                0x0000000008003fd0                HAL_PCDEx_SetTxFiFo
 .text.HAL_PCDEx_SetRxFiFo
                0x000000000800405e       0x22 ./Drivers/STM32F4xx_HAL_Driver/Src/stm32f4xx_hal_pcd_ex.o
                0x000000000800405e                HAL_PCDEx_SetRxFiFo
 .text.HAL_PCDEx_LPM_Callback
                0x0000000008004080       0x18 ./Drivers/STM32F4xx_HAL_Driver/Src/stm32f4xx_hal_pcd_ex.o
                0x0000000008004080                HAL_PCDEx_LPM_Callback
 .text.HAL_RCC_OscConfig
                0x0000000008004098      0x4f0 ./Drivers/STM32F4xx_HAL_Driver/Src/stm32f4xx_hal_rcc.o
                0x0000000008004098                HAL_RCC_OscConfig
 .text.HAL_RCC_ClockConfig
                0x0000000008004588      0x1cc ./Drivers/STM32F4xx_HAL_Driver/Src/stm32f4xx_hal_rcc.o
                0x0000000008004588                HAL_RCC_ClockConfig
 .text.HAL_RCC_GetSysClockFreq
                0x0000000008004754      0x20c ./Drivers/STM32F4xx_HAL_Driver/Src/stm32f4xx_hal_rcc.o
                0x0000000008004754                HAL_RCC_GetSysClockFreq
 .text.HAL_RCC_GetHCLKFreq
                0x0000000008004960       0x18 ./Drivers/STM32F4xx_HAL_Driver/Src/stm32f4xx_hal_rcc.o
                0x0000000008004960                HAL_RCC_GetHCLKFreq
 .text.HAL_RCC_GetPCLK1Freq
                0x0000000008004978       0x28 ./Drivers/STM32F4xx_HAL_Driver/Src/stm32f4xx_hal_rcc.o
                0x0000000008004978                HAL_RCC_GetPCLK1Freq
 .text.HAL_RCC_GetPCLK2Freq
                0x00000000080049a0       0x28 ./Drivers/STM32F4xx_HAL_Driver/Src/stm32f4xx_hal_rcc.o
                0x00000000080049a0                HAL_RCC_GetPCLK2Freq
 .text.HAL_SD_Init
                0x00000000080049c8       0x60 ./Drivers/STM32F4xx_HAL_Driver/Src/stm32f4xx_hal_sd.o
                0x00000000080049c8                HAL_SD_Init
 .text.HAL_SD_InitCard
                0x0000000008004a28      0x100 ./Drivers/STM32F4xx_HAL_Driver/Src/stm32f4xx_hal_sd.o
                0x0000000008004a28                HAL_SD_InitCard
 .text.HAL_SD_ReadBlocks
                0x0000000008004b28      0x3bc ./Drivers/STM32F4xx_HAL_Driver/Src/stm32f4xx_hal_sd.o
                0x0000000008004b28                HAL_SD_ReadBlocks
 .text.HAL_SD_WriteBlocks
                0x0000000008004ee4      0x30c ./Drivers/STM32F4xx_HAL_Driver/Src/stm32f4xx_hal_sd.o
                0x0000000008004ee4                HAL_SD_WriteBlocks
 .text.HAL_SD_GetCardCSD
                0x00000000080051f0      0x348 ./Drivers/STM32F4xx_HAL_Driver/Src/stm32f4xx_hal_sd.o
                0x00000000080051f0                HAL_SD_GetCardCSD
 .text.HAL_SD_GetCardInfo
                0x0000000008005538       0x58 ./Drivers/STM32F4xx_HAL_Driver/Src/stm32f4xx_hal_sd.o
                0x0000000008005538                HAL_SD_GetCardInfo
 .text.HAL_SD_GetCardState
                0x0000000008005590       0x40 ./Drivers/STM32F4xx_HAL_Driver/Src/stm32f4xx_hal_sd.o
                0x0000000008005590                HAL_SD_GetCardState
 .text.SD_InitCard
                0x00000000080055d0      0x19c ./Drivers/STM32F4xx_HAL_Driver/Src/stm32f4xx_hal_sd.o
 .text.SD_PowerON
                0x000000000800576c      0x11c ./Drivers/STM32F4xx_HAL_Driver/Src/stm32f4xx_hal_sd.o
 .text.SD_SendStatus
                0x0000000008005888       0x50 ./Drivers/STM32F4xx_HAL_Driver/Src/stm32f4xx_hal_sd.o
 .text.HAL_SPI_Init
                0x00000000080058d8      0x112 ./Drivers/STM32F4xx_HAL_Driver/Src/stm32f4xx_hal_spi.o
                0x00000000080058d8                HAL_SPI_Init
 .text.HAL_TIM_Base_Init
                0x00000000080059ea       0x9e ./Drivers/STM32F4xx_HAL_Driver/Src/stm32f4xx_hal_tim.o
                0x00000000080059ea                HAL_TIM_Base_Init
 .text.HAL_TIM_Base_Start_IT
                0x0000000008005a88       0xe0 ./Drivers/STM32F4xx_HAL_Driver/Src/stm32f4xx_hal_tim.o
                0x0000000008005a88                HAL_TIM_Base_Start_IT
 .text.HAL_TIM_PWM_Init
                0x0000000008005b68       0x9e ./Drivers/STM32F4xx_HAL_Driver/Src/stm32f4xx_hal_tim.o
                0x0000000008005b68                HAL_TIM_PWM_Init
 .text.HAL_TIM_IRQHandler
                0x0000000008005c06      0x210 ./Drivers/STM32F4xx_HAL_Driver/Src/stm32f4xx_hal_tim.o
                0x0000000008005c06                HAL_TIM_IRQHandler
 *fill*         0x0000000008005e16        0x2 
 .text.HAL_TIM_PWM_ConfigChannel
                0x0000000008005e18      0x184 ./Drivers/STM32F4xx_HAL_Driver/Src/stm32f4xx_hal_tim.o
                0x0000000008005e18                HAL_TIM_PWM_ConfigChannel
 .text.HAL_TIM_PeriodElapsedCallback
                0x0000000008005f9c       0x14 ./Drivers/STM32F4xx_HAL_Driver/Src/stm32f4xx_hal_tim.o
                0x0000000008005f9c                HAL_TIM_PeriodElapsedCallback
 .text.HAL_TIM_OC_DelayElapsedCallback
                0x0000000008005fb0       0x14 ./Drivers/STM32F4xx_HAL_Driver/Src/stm32f4xx_hal_tim.o
                0x0000000008005fb0                HAL_TIM_OC_DelayElapsedCallback
 .text.HAL_TIM_IC_CaptureCallback
                0x0000000008005fc4       0x14 ./Drivers/STM32F4xx_HAL_Driver/Src/stm32f4xx_hal_tim.o
                0x0000000008005fc4                HAL_TIM_IC_CaptureCallback
 .text.HAL_TIM_PWM_PulseFinishedCallback
                0x0000000008005fd8       0x14 ./Drivers/STM32F4xx_HAL_Driver/Src/stm32f4xx_hal_tim.o
                0x0000000008005fd8                HAL_TIM_PWM_PulseFinishedCallback
 .text.HAL_TIM_TriggerCallback
                0x0000000008005fec       0x14 ./Drivers/STM32F4xx_HAL_Driver/Src/stm32f4xx_hal_tim.o
                0x0000000008005fec                HAL_TIM_TriggerCallback
 .text.TIM_Base_SetConfig
                0x0000000008006000      0x140 ./Drivers/STM32F4xx_HAL_Driver/Src/stm32f4xx_hal_tim.o
                0x0000000008006000                TIM_Base_SetConfig
 .text.TIM_OC1_SetConfig
                0x0000000008006140       0xe0 ./Drivers/STM32F4xx_HAL_Driver/Src/stm32f4xx_hal_tim.o
 .text.TIM_OC2_SetConfig
                0x0000000008006220       0xec ./Drivers/STM32F4xx_HAL_Driver/Src/stm32f4xx_hal_tim.o
                0x0000000008006220                TIM_OC2_SetConfig
 .text.TIM_OC3_SetConfig
                0x000000000800630c       0xe8 ./Drivers/STM32F4xx_HAL_Driver/Src/stm32f4xx_hal_tim.o
 .text.TIM_OC4_SetConfig
                0x00000000080063f4       0xac ./Drivers/STM32F4xx_HAL_Driver/Src/stm32f4xx_hal_tim.o
 .text.HAL_TIMEx_MasterConfigSynchronization
                0x00000000080064a0       0xf8 ./Drivers/STM32F4xx_HAL_Driver/Src/stm32f4xx_hal_tim_ex.o
                0x00000000080064a0                HAL_TIMEx_MasterConfigSynchronization
 .text.HAL_TIMEx_CommutCallback
                0x0000000008006598       0x14 ./Drivers/STM32F4xx_HAL_Driver/Src/stm32f4xx_hal_tim_ex.o
                0x0000000008006598                HAL_TIMEx_CommutCallback
 .text.HAL_TIMEx_BreakCallback
                0x00000000080065ac       0x14 ./Drivers/STM32F4xx_HAL_Driver/Src/stm32f4xx_hal_tim_ex.o
                0x00000000080065ac                HAL_TIMEx_BreakCallback
 .text.HAL_UART_Init
                0x00000000080065c0       0x9a ./Drivers/STM32F4xx_HAL_Driver/Src/stm32f4xx_hal_uart.o
                0x00000000080065c0                HAL_UART_Init
 .text.HAL_HalfDuplex_Init
                0x000000000800665a       0xaa ./Drivers/STM32F4xx_HAL_Driver/Src/stm32f4xx_hal_uart.o
                0x000000000800665a                HAL_HalfDuplex_Init
 .text.HAL_UART_IRQHandler
                0x0000000008006704      0x51c ./Drivers/STM32F4xx_HAL_Driver/Src/stm32f4xx_hal_uart.o
                0x0000000008006704                HAL_UART_IRQHandler
 .text.HAL_UART_TxCpltCallback
                0x0000000008006c20       0x14 ./Drivers/STM32F4xx_HAL_Driver/Src/stm32f4xx_hal_uart.o
                0x0000000008006c20                HAL_UART_TxCpltCallback
 .text.HAL_UART_RxCpltCallback
                0x0000000008006c34       0x14 ./Drivers/STM32F4xx_HAL_Driver/Src/stm32f4xx_hal_uart.o
                0x0000000008006c34                HAL_UART_RxCpltCallback
 .text.HAL_UART_ErrorCallback
                0x0000000008006c48       0x14 ./Drivers/STM32F4xx_HAL_Driver/Src/stm32f4xx_hal_uart.o
                0x0000000008006c48                HAL_UART_ErrorCallback
 .text.HAL_UARTEx_RxEventCallback
                0x0000000008006c5c       0x18 ./Drivers/STM32F4xx_HAL_Driver/Src/stm32f4xx_hal_uart.o
                0x0000000008006c5c                HAL_UARTEx_RxEventCallback
 .text.UART_EndRxTransfer
                0x0000000008006c74       0xc6 ./Drivers/STM32F4xx_HAL_Driver/Src/stm32f4xx_hal_uart.o
 .text.UART_DMAAbortOnError
                0x0000000008006d3a       0x28 ./Drivers/STM32F4xx_HAL_Driver/Src/stm32f4xx_hal_uart.o
 .text.UART_Transmit_IT
                0x0000000008006d62       0xa0 ./Drivers/STM32F4xx_HAL_Driver/Src/stm32f4xx_hal_uart.o
 .text.UART_EndTransmit_IT
                0x0000000008006e02       0x30 ./Drivers/STM32F4xx_HAL_Driver/Src/stm32f4xx_hal_uart.o
 .text.UART_Receive_IT
                0x0000000008006e32      0x176 ./Drivers/STM32F4xx_HAL_Driver/Src/stm32f4xx_hal_uart.o
 .text.UART_SetConfig
                0x0000000008006fa8      0x4e8 ./Drivers/STM32F4xx_HAL_Driver/Src/stm32f4xx_hal_uart.o
 .text.SDIO_Init
                0x0000000008007490       0x56 ./Drivers/STM32F4xx_HAL_Driver/Src/stm32f4xx_ll_sdmmc.o
                0x0000000008007490                SDIO_Init
 .text.SDIO_ReadFIFO
                0x00000000080074e6       0x1a ./Drivers/STM32F4xx_HAL_Driver/Src/stm32f4xx_ll_sdmmc.o
                0x00000000080074e6                SDIO_ReadFIFO
 .text.SDIO_WriteFIFO
                0x0000000008007500       0x22 ./Drivers/STM32F4xx_HAL_Driver/Src/stm32f4xx_ll_sdmmc.o
                0x0000000008007500                SDIO_WriteFIFO
 .text.SDIO_PowerState_ON
                0x0000000008007522       0x1c ./Drivers/STM32F4xx_HAL_Driver/Src/stm32f4xx_ll_sdmmc.o
                0x0000000008007522                SDIO_PowerState_ON
 .text.SDIO_GetPowerState
                0x000000000800753e       0x1c ./Drivers/STM32F4xx_HAL_Driver/Src/stm32f4xx_ll_sdmmc.o
                0x000000000800753e                SDIO_GetPowerState
 .text.SDIO_SendCommand
                0x000000000800755a       0x54 ./Drivers/STM32F4xx_HAL_Driver/Src/stm32f4xx_ll_sdmmc.o
                0x000000000800755a                SDIO_SendCommand
 .text.SDIO_GetCommandResponse
                0x00000000080075ae       0x1a ./Drivers/STM32F4xx_HAL_Driver/Src/stm32f4xx_ll_sdmmc.o
                0x00000000080075ae                SDIO_GetCommandResponse
 .text.SDIO_GetResponse
                0x00000000080075c8       0x26 ./Drivers/STM32F4xx_HAL_Driver/Src/stm32f4xx_ll_sdmmc.o
                0x00000000080075c8                SDIO_GetResponse
 .text.SDIO_ConfigData
                0x00000000080075ee       0x58 ./Drivers/STM32F4xx_HAL_Driver/Src/stm32f4xx_ll_sdmmc.o
                0x00000000080075ee                SDIO_ConfigData
 .text.SDMMC_CmdBlockLength
                0x0000000008007646       0x44 ./Drivers/STM32F4xx_HAL_Driver/Src/stm32f4xx_ll_sdmmc.o
                0x0000000008007646                SDMMC_CmdBlockLength
 .text.SDMMC_CmdReadSingleBlock
                0x000000000800768a       0x44 ./Drivers/STM32F4xx_HAL_Driver/Src/stm32f4xx_ll_sdmmc.o
                0x000000000800768a                SDMMC_CmdReadSingleBlock
 .text.SDMMC_CmdReadMultiBlock
                0x00000000080076ce       0x44 ./Drivers/STM32F4xx_HAL_Driver/Src/stm32f4xx_ll_sdmmc.o
                0x00000000080076ce                SDMMC_CmdReadMultiBlock
 .text.SDMMC_CmdWriteSingleBlock
                0x0000000008007712       0x44 ./Drivers/STM32F4xx_HAL_Driver/Src/stm32f4xx_ll_sdmmc.o
                0x0000000008007712                SDMMC_CmdWriteSingleBlock
 .text.SDMMC_CmdWriteMultiBlock
                0x0000000008007756       0x44 ./Drivers/STM32F4xx_HAL_Driver/Src/stm32f4xx_ll_sdmmc.o
                0x0000000008007756                SDMMC_CmdWriteMultiBlock
 *fill*         0x000000000800779a        0x2 
 .text.SDMMC_CmdStopTransfer
                0x000000000800779c       0x44 ./Drivers/STM32F4xx_HAL_Driver/Src/stm32f4xx_ll_sdmmc.o
                0x000000000800779c                SDMMC_CmdStopTransfer
 .text.SDMMC_CmdSelDesel
                0x00000000080077e0       0x46 ./Drivers/STM32F4xx_HAL_Driver/Src/stm32f4xx_ll_sdmmc.o
                0x00000000080077e0                SDMMC_CmdSelDesel
 .text.SDMMC_CmdGoIdleState
                0x0000000008007826       0x3c ./Drivers/STM32F4xx_HAL_Driver/Src/stm32f4xx_ll_sdmmc.o
                0x0000000008007826                SDMMC_CmdGoIdleState
 .text.SDMMC_CmdOperCond
                0x0000000008007862       0x3e ./Drivers/STM32F4xx_HAL_Driver/Src/stm32f4xx_ll_sdmmc.o
                0x0000000008007862                SDMMC_CmdOperCond
 .text.SDMMC_CmdAppCommand
                0x00000000080078a0       0x44 ./Drivers/STM32F4xx_HAL_Driver/Src/stm32f4xx_ll_sdmmc.o
                0x00000000080078a0                SDMMC_CmdAppCommand
 .text.SDMMC_CmdAppOperCommand
                0x00000000080078e4       0x46 ./Drivers/STM32F4xx_HAL_Driver/Src/stm32f4xx_ll_sdmmc.o
                0x00000000080078e4                SDMMC_CmdAppOperCommand
 .text.SDMMC_CmdSendCID
                0x000000000800792a       0x3c ./Drivers/STM32F4xx_HAL_Driver/Src/stm32f4xx_ll_sdmmc.o
                0x000000000800792a                SDMMC_CmdSendCID
 .text.SDMMC_CmdSendCSD
                0x0000000008007966       0x3e ./Drivers/STM32F4xx_HAL_Driver/Src/stm32f4xx_ll_sdmmc.o
                0x0000000008007966                SDMMC_CmdSendCSD
 .text.SDMMC_CmdSetRelAdd
                0x00000000080079a4       0x42 ./Drivers/STM32F4xx_HAL_Driver/Src/stm32f4xx_ll_sdmmc.o
                0x00000000080079a4                SDMMC_CmdSetRelAdd
 .text.SDMMC_CmdSendStatus
                0x00000000080079e6       0x44 ./Drivers/STM32F4xx_HAL_Driver/Src/stm32f4xx_ll_sdmmc.o
                0x00000000080079e6                SDMMC_CmdSendStatus
 *fill*         0x0000000008007a2a        0x2 
 .text.SDMMC_GetCmdResp1
                0x0000000008007a2c      0x1dc ./Drivers/STM32F4xx_HAL_Driver/Src/stm32f4xx_ll_sdmmc.o
                0x0000000008007a2c                SDMMC_GetCmdResp1
 .text.SDMMC_GetCmdResp2
                0x0000000008007c08       0x90 ./Drivers/STM32F4xx_HAL_Driver/Src/stm32f4xx_ll_sdmmc.o
                0x0000000008007c08                SDMMC_GetCmdResp2
 .text.SDMMC_GetCmdResp3
                0x0000000008007c98       0x7c ./Drivers/STM32F4xx_HAL_Driver/Src/stm32f4xx_ll_sdmmc.o
                0x0000000008007c98                SDMMC_GetCmdResp3
 .text.SDMMC_GetCmdResp6
                0x0000000008007d14       0xec ./Drivers/STM32F4xx_HAL_Driver/Src/stm32f4xx_ll_sdmmc.o
                0x0000000008007d14                SDMMC_GetCmdResp6
 .text.SDMMC_GetCmdResp7
                0x0000000008007e00       0x9c ./Drivers/STM32F4xx_HAL_Driver/Src/stm32f4xx_ll_sdmmc.o
                0x0000000008007e00                SDMMC_GetCmdResp7
 .text.SDMMC_GetCmdError
                0x0000000008007e9c       0x58 ./Drivers/STM32F4xx_HAL_Driver/Src/stm32f4xx_ll_sdmmc.o
 .text.USB_CoreInit
                0x0000000008007ef4       0xc2 ./Drivers/STM32F4xx_HAL_Driver/Src/stm32f4xx_ll_usb.o
                0x0000000008007ef4                USB_CoreInit
 *fill*         0x0000000008007fb6        0x2 
 .text.USB_SetTurnaroundTime
                0x0000000008007fb8      0x144 ./Drivers/STM32F4xx_HAL_Driver/Src/stm32f4xx_ll_usb.o
                0x0000000008007fb8                USB_SetTurnaroundTime
 .text.USB_EnableGlobalInt
                0x00000000080080fc       0x22 ./Drivers/STM32F4xx_HAL_Driver/Src/stm32f4xx_ll_usb.o
                0x00000000080080fc                USB_EnableGlobalInt
 .text.USB_DisableGlobalInt
                0x000000000800811e       0x22 ./Drivers/STM32F4xx_HAL_Driver/Src/stm32f4xx_ll_usb.o
                0x000000000800811e                USB_DisableGlobalInt
 .text.USB_SetCurrentMode
                0x0000000008008140       0x98 ./Drivers/STM32F4xx_HAL_Driver/Src/stm32f4xx_ll_usb.o
                0x0000000008008140                USB_SetCurrentMode
 .text.USB_DevInit
                0x00000000080081d8      0x2c8 ./Drivers/STM32F4xx_HAL_Driver/Src/stm32f4xx_ll_usb.o
                0x00000000080081d8                USB_DevInit
 .text.USB_FlushTxFifo
                0x00000000080084a0       0x68 ./Drivers/STM32F4xx_HAL_Driver/Src/stm32f4xx_ll_usb.o
                0x00000000080084a0                USB_FlushTxFifo
 .text.USB_FlushRxFifo
                0x0000000008008508       0x60 ./Drivers/STM32F4xx_HAL_Driver/Src/stm32f4xx_ll_usb.o
                0x0000000008008508                USB_FlushRxFifo
 .text.USB_SetDevSpeed
                0x0000000008008568       0x32 ./Drivers/STM32F4xx_HAL_Driver/Src/stm32f4xx_ll_usb.o
                0x0000000008008568                USB_SetDevSpeed
 .text.USB_GetDevSpeed
                0x000000000800859a       0x4a ./Drivers/STM32F4xx_HAL_Driver/Src/stm32f4xx_ll_usb.o
                0x000000000800859a                USB_GetDevSpeed
 .text.USB_ActivateEndpoint
                0x00000000080085e4      0x10e ./Drivers/STM32F4xx_HAL_Driver/Src/stm32f4xx_ll_usb.o
                0x00000000080085e4                USB_ActivateEndpoint
 *fill*         0x00000000080086f2        0x2 
 .text.USB_DeactivateEndpoint
                0x00000000080086f4      0x1b8 ./Drivers/STM32F4xx_HAL_Driver/Src/stm32f4xx_ll_usb.o
                0x00000000080086f4                USB_DeactivateEndpoint
 .text.USB_EPStartXfer
                0x00000000080088ac      0x490 ./Drivers/STM32F4xx_HAL_Driver/Src/stm32f4xx_ll_usb.o
                0x00000000080088ac                USB_EPStartXfer
 .text.USB_EP0StartXfer
                0x0000000008008d3c      0x2b0 ./Drivers/STM32F4xx_HAL_Driver/Src/stm32f4xx_ll_usb.o
                0x0000000008008d3c                USB_EP0StartXfer
 .text.USB_EPStopXfer
                0x0000000008008fec      0x154 ./Drivers/STM32F4xx_HAL_Driver/Src/stm32f4xx_ll_usb.o
                0x0000000008008fec                USB_EPStopXfer
 .text.USB_WritePacket
                0x0000000008009140       0x7c ./Drivers/STM32F4xx_HAL_Driver/Src/stm32f4xx_ll_usb.o
                0x0000000008009140                USB_WritePacket
 .text.USB_ReadPacket
                0x00000000080091bc       0xb0 ./Drivers/STM32F4xx_HAL_Driver/Src/stm32f4xx_ll_usb.o
                0x00000000080091bc                USB_ReadPacket
 .text.USB_EPSetStall
                0x000000000800926c       0xdc ./Drivers/STM32F4xx_HAL_Driver/Src/stm32f4xx_ll_usb.o
                0x000000000800926c                USB_EPSetStall
 .text.USB_EPClearStall
                0x0000000008009348       0xcc ./Drivers/STM32F4xx_HAL_Driver/Src/stm32f4xx_ll_usb.o
                0x0000000008009348                USB_EPClearStall
 .text.USB_SetDevAddress
                0x0000000008009414       0x4c ./Drivers/STM32F4xx_HAL_Driver/Src/stm32f4xx_ll_usb.o
                0x0000000008009414                USB_SetDevAddress
 .text.USB_DevConnect
                0x0000000008009460       0x42 ./Drivers/STM32F4xx_HAL_Driver/Src/stm32f4xx_ll_usb.o
                0x0000000008009460                USB_DevConnect
 .text.USB_DevDisconnect
                0x00000000080094a2       0x42 ./Drivers/STM32F4xx_HAL_Driver/Src/stm32f4xx_ll_usb.o
                0x00000000080094a2                USB_DevDisconnect
 .text.USB_ReadInterrupts
                0x00000000080094e4       0x26 ./Drivers/STM32F4xx_HAL_Driver/Src/stm32f4xx_ll_usb.o
                0x00000000080094e4                USB_ReadInterrupts
 .text.USB_ReadDevAllOutEpInterrupt
                0x000000000800950a       0x34 ./Drivers/STM32F4xx_HAL_Driver/Src/stm32f4xx_ll_usb.o
                0x000000000800950a                USB_ReadDevAllOutEpInterrupt
 .text.USB_ReadDevAllInEpInterrupt
                0x000000000800953e       0x34 ./Drivers/STM32F4xx_HAL_Driver/Src/stm32f4xx_ll_usb.o
                0x000000000800953e                USB_ReadDevAllInEpInterrupt
 .text.USB_ReadDevOutEPInterrupt
                0x0000000008009572       0x3c ./Drivers/STM32F4xx_HAL_Driver/Src/stm32f4xx_ll_usb.o
                0x0000000008009572                USB_ReadDevOutEPInterrupt
 .text.USB_ReadDevInEPInterrupt
                0x00000000080095ae       0x5c ./Drivers/STM32F4xx_HAL_Driver/Src/stm32f4xx_ll_usb.o
                0x00000000080095ae                USB_ReadDevInEPInterrupt
 .text.USB_GetMode
                0x000000000800960a       0x1c ./Drivers/STM32F4xx_HAL_Driver/Src/stm32f4xx_ll_usb.o
                0x000000000800960a                USB_GetMode
 .text.USB_ActivateSetup
                0x0000000008009626       0x46 ./Drivers/STM32F4xx_HAL_Driver/Src/stm32f4xx_ll_usb.o
                0x0000000008009626                USB_ActivateSetup
 .text.USB_EP0_OutStart
                0x000000000800966c       0xbc ./Drivers/STM32F4xx_HAL_Driver/Src/stm32f4xx_ll_usb.o
                0x000000000800966c                USB_EP0_OutStart
 .text.USB_CoreReset
                0x0000000008009728       0x68 ./Drivers/STM32F4xx_HAL_Driver/Src/stm32f4xx_ll_usb.o
 .text.MX_FATFS_Init
                0x0000000008009790       0x24 ./FATFS/App/fatfs.o
                0x0000000008009790                MX_FATFS_Init
 .text.BSP_SD_Init
                0x00000000080097b4       0x30 ./FATFS/Target/bsp_driver_sd.o
                0x00000000080097b4                BSP_SD_Init
 .text.BSP_SD_ReadBlocks
                0x00000000080097e4       0x3c ./FATFS/Target/bsp_driver_sd.o
                0x00000000080097e4                BSP_SD_ReadBlocks
 .text.BSP_SD_WriteBlocks
                0x0000000008009820       0x3c ./FATFS/Target/bsp_driver_sd.o
                0x0000000008009820                BSP_SD_WriteBlocks
 .text.BSP_SD_GetCardState
                0x000000000800985c       0x20 ./FATFS/Target/bsp_driver_sd.o
                0x000000000800985c                BSP_SD_GetCardState
 .text.BSP_SD_GetCardInfo
                0x000000000800987c       0x1c ./FATFS/Target/bsp_driver_sd.o
                0x000000000800987c                BSP_SD_GetCardInfo
 .text.BSP_SD_IsDetected
                0x0000000008009898       0x24 ./FATFS/Target/bsp_driver_sd.o
                0x0000000008009898                BSP_SD_IsDetected
 .text.BSP_PlatformIsDetected
                0x00000000080098bc       0x2c ./FATFS/Target/fatfs_platform.o
                0x00000000080098bc                BSP_PlatformIsDetected
 .text.SD_CheckStatus
                0x00000000080098e8       0x3c ./FATFS/Target/sd_diskio.o
 .text.SD_initialize
                0x0000000008009924       0x3c ./FATFS/Target/sd_diskio.o
                0x0000000008009924                SD_initialize
 .text.SD_status
                0x0000000008009960       0x1c ./FATFS/Target/sd_diskio.o
                0x0000000008009960                SD_status
 .text.SD_read  0x000000000800997c       0x42 ./FATFS/Target/sd_diskio.o
                0x000000000800997c                SD_read
 .text.SD_write
                0x00000000080099be       0x42 ./FATFS/Target/sd_diskio.o
                0x00000000080099be                SD_write
 .text.SD_ioctl
                0x0000000008009a00       0xb0 ./FATFS/Target/sd_diskio.o
                0x0000000008009a00                SD_ioctl
 .text.USBD_CDC_Init
                0x0000000008009ab0      0x1f0 ./Middlewares/ST/STM32_USB_Device_Library/Class/CDC/Src/usbd_cdc.o
 .text.USBD_CDC_DeInit
                0x0000000008009ca0      0x104 ./Middlewares/ST/STM32_USB_Device_Library/Class/CDC/Src/usbd_cdc.o
 .text.USBD_CDC_Setup
                0x0000000008009da4      0x1b8 ./Middlewares/ST/STM32_USB_Device_Library/Class/CDC/Src/usbd_cdc.o
 .text.USBD_CDC_DataIn
                0x0000000008009f5c       0xfe ./Middlewares/ST/STM32_USB_Device_Library/Class/CDC/Src/usbd_cdc.o
 .text.USBD_CDC_DataOut
                0x000000000800a05a       0x70 ./Middlewares/ST/STM32_USB_Device_Library/Class/CDC/Src/usbd_cdc.o
 .text.USBD_CDC_EP0_RxReady
                0x000000000800a0ca       0x76 ./Middlewares/ST/STM32_USB_Device_Library/Class/CDC/Src/usbd_cdc.o
 .text.USBD_CDC_GetFSCfgDesc
                0x000000000800a140       0x70 ./Middlewares/ST/STM32_USB_Device_Library/Class/CDC/Src/usbd_cdc.o
 .text.USBD_CDC_GetHSCfgDesc
                0x000000000800a1b0       0x70 ./Middlewares/ST/STM32_USB_Device_Library/Class/CDC/Src/usbd_cdc.o
 .text.USBD_CDC_GetOtherSpeedCfgDesc
                0x000000000800a220       0x70 ./Middlewares/ST/STM32_USB_Device_Library/Class/CDC/Src/usbd_cdc.o
 .text.USBD_CDC_GetDeviceQualifierDescriptor
                0x000000000800a290       0x20 ./Middlewares/ST/STM32_USB_Device_Library/Class/CDC/Src/usbd_cdc.o
                0x000000000800a290                USBD_CDC_GetDeviceQualifierDescriptor
 .text.USBD_CDC_RegisterInterface
                0x000000000800a2b0       0x34 ./Middlewares/ST/STM32_USB_Device_Library/Class/CDC/Src/usbd_cdc.o
                0x000000000800a2b0                USBD_CDC_RegisterInterface
 .text.USBD_CDC_SetTxBuffer
                0x000000000800a2e4       0x44 ./Middlewares/ST/STM32_USB_Device_Library/Class/CDC/Src/usbd_cdc.o
                0x000000000800a2e4                USBD_CDC_SetTxBuffer
 .text.USBD_CDC_SetRxBuffer
                0x000000000800a328       0x3a ./Middlewares/ST/STM32_USB_Device_Library/Class/CDC/Src/usbd_cdc.o
                0x000000000800a328                USBD_CDC_SetRxBuffer
 *fill*         0x000000000800a362        0x2 
 .text.USBD_CDC_ReceivePacket
                0x000000000800a364       0x6c ./Middlewares/ST/STM32_USB_Device_Library/Class/CDC/Src/usbd_cdc.o
                0x000000000800a364                USBD_CDC_ReceivePacket
 .text.USBD_Init
                0x000000000800a3d0       0x60 ./Middlewares/ST/STM32_USB_Device_Library/Core/Src/usbd_core.o
                0x000000000800a3d0                USBD_Init
 .text.USBD_RegisterClass
                0x000000000800a430       0x6c ./Middlewares/ST/STM32_USB_Device_Library/Core/Src/usbd_core.o
                0x000000000800a430                USBD_RegisterClass
 .text.USBD_Start
                0x000000000800a49c       0x18 ./Middlewares/ST/STM32_USB_Device_Library/Core/Src/usbd_core.o
                0x000000000800a49c                USBD_Start
 .text.USBD_RunTestMode
                0x000000000800a4b4       0x16 ./Middlewares/ST/STM32_USB_Device_Library/Core/Src/usbd_core.o
                0x000000000800a4b4                USBD_RunTestMode
 .text.USBD_SetClassConfig
                0x000000000800a4ca       0x38 ./Middlewares/ST/STM32_USB_Device_Library/Core/Src/usbd_core.o
                0x000000000800a4ca                USBD_SetClassConfig
 .text.USBD_ClrClassConfig
                0x000000000800a502       0x34 ./Middlewares/ST/STM32_USB_Device_Library/Core/Src/usbd_core.o
                0x000000000800a502                USBD_ClrClassConfig
 .text.USBD_LL_SetupStage
                0x000000000800a536       0xaa ./Middlewares/ST/STM32_USB_Device_Library/Core/Src/usbd_core.o
                0x000000000800a536                USBD_LL_SetupStage
 .text.USBD_LL_DataOutStage
                0x000000000800a5e0      0x166 ./Middlewares/ST/STM32_USB_Device_Library/Core/Src/usbd_core.o
                0x000000000800a5e0                USBD_LL_DataOutStage
 .text.USBD_LL_DataInStage
                0x000000000800a746      0x164 ./Middlewares/ST/STM32_USB_Device_Library/Core/Src/usbd_core.o
                0x000000000800a746                USBD_LL_DataInStage
 .text.USBD_LL_Reset
                0x000000000800a8aa       0xa4 ./Middlewares/ST/STM32_USB_Device_Library/Core/Src/usbd_core.o
                0x000000000800a8aa                USBD_LL_Reset
 .text.USBD_LL_SetSpeed
                0x000000000800a94e       0x20 ./Middlewares/ST/STM32_USB_Device_Library/Core/Src/usbd_core.o
                0x000000000800a94e                USBD_LL_SetSpeed
 .text.USBD_LL_Suspend
                0x000000000800a96e       0x2c ./Middlewares/ST/STM32_USB_Device_Library/Core/Src/usbd_core.o
                0x000000000800a96e                USBD_LL_Suspend
 .text.USBD_LL_Resume
                0x000000000800a99a       0x30 ./Middlewares/ST/STM32_USB_Device_Library/Core/Src/usbd_core.o
                0x000000000800a99a                USBD_LL_Resume
 .text.USBD_LL_SOF
                0x000000000800a9ca       0x40 ./Middlewares/ST/STM32_USB_Device_Library/Core/Src/usbd_core.o
                0x000000000800a9ca                USBD_LL_SOF
 .text.USBD_LL_IsoINIncomplete
                0x000000000800aa0a       0x64 ./Middlewares/ST/STM32_USB_Device_Library/Core/Src/usbd_core.o
                0x000000000800aa0a                USBD_LL_IsoINIncomplete
 .text.USBD_LL_IsoOUTIncomplete
                0x000000000800aa6e       0x64 ./Middlewares/ST/STM32_USB_Device_Library/Core/Src/usbd_core.o
                0x000000000800aa6e                USBD_LL_IsoOUTIncomplete
 .text.USBD_LL_DevConnected
                0x000000000800aad2       0x16 ./Middlewares/ST/STM32_USB_Device_Library/Core/Src/usbd_core.o
                0x000000000800aad2                USBD_LL_DevConnected
 .text.USBD_LL_DevDisconnected
                0x000000000800aae8       0x46 ./Middlewares/ST/STM32_USB_Device_Library/Core/Src/usbd_core.o
                0x000000000800aae8                USBD_LL_DevDisconnected
 .text.USBD_CoreFindIF
                0x000000000800ab2e       0x1a ./Middlewares/ST/STM32_USB_Device_Library/Core/Src/usbd_core.o
                0x000000000800ab2e                USBD_CoreFindIF
 .text.USBD_CoreFindEP
                0x000000000800ab48       0x1a ./Middlewares/ST/STM32_USB_Device_Library/Core/Src/usbd_core.o
                0x000000000800ab48                USBD_CoreFindEP
 .text.USBD_GetEpDesc
                0x000000000800ab62       0x74 ./Middlewares/ST/STM32_USB_Device_Library/Core/Src/usbd_core.o
                0x000000000800ab62                USBD_GetEpDesc
 .text.USBD_GetNextDesc
                0x000000000800abd6       0x3a ./Middlewares/ST/STM32_USB_Device_Library/Core/Src/usbd_core.o
                0x000000000800abd6                USBD_GetNextDesc
 .text.SWAPBYTE
                0x000000000800ac10       0x3c ./Middlewares/ST/STM32_USB_Device_Library/Core/Src/usbd_ctlreq.o
 .text.USBD_StdDevReq
                0x000000000800ac4c       0xe4 ./Middlewares/ST/STM32_USB_Device_Library/Core/Src/usbd_ctlreq.o
                0x000000000800ac4c                USBD_StdDevReq
 .text.USBD_StdItfReq
                0x000000000800ad30       0xd8 ./Middlewares/ST/STM32_USB_Device_Library/Core/Src/usbd_ctlreq.o
                0x000000000800ad30                USBD_StdItfReq
 .text.USBD_StdEPReq
                0x000000000800ae08      0x33a ./Middlewares/ST/STM32_USB_Device_Library/Core/Src/usbd_ctlreq.o
                0x000000000800ae08                USBD_StdEPReq
 *fill*         0x000000000800b142        0x2 
 .text.USBD_GetDescriptor
                0x000000000800b144      0x2d4 ./Middlewares/ST/STM32_USB_Device_Library/Core/Src/usbd_ctlreq.o
 .text.USBD_SetAddress
                0x000000000800b418       0x88 ./Middlewares/ST/STM32_USB_Device_Library/Core/Src/usbd_ctlreq.o
 .text.USBD_SetConfig
                0x000000000800b4a0      0x154 ./Middlewares/ST/STM32_USB_Device_Library/Core/Src/usbd_ctlreq.o
 .text.USBD_GetConfig
                0x000000000800b5f4       0x6c ./Middlewares/ST/STM32_USB_Device_Library/Core/Src/usbd_ctlreq.o
 .text.USBD_GetStatus
                0x000000000800b660       0x68 ./Middlewares/ST/STM32_USB_Device_Library/Core/Src/usbd_ctlreq.o
 .text.USBD_SetFeature
                0x000000000800b6c8       0x52 ./Middlewares/ST/STM32_USB_Device_Library/Core/Src/usbd_ctlreq.o
 .text.USBD_ClrFeature
                0x000000000800b71a       0x44 ./Middlewares/ST/STM32_USB_Device_Library/Core/Src/usbd_ctlreq.o
 .text.USBD_ParseSetupRequest
                0x000000000800b75e       0x74 ./Middlewares/ST/STM32_USB_Device_Library/Core/Src/usbd_ctlreq.o
                0x000000000800b75e                USBD_ParseSetupRequest
 .text.USBD_CtlError
                0x000000000800b7d2       0x22 ./Middlewares/ST/STM32_USB_Device_Library/Core/Src/usbd_ctlreq.o
                0x000000000800b7d2                USBD_CtlError
 .text.USBD_GetString
                0x000000000800b7f4       0x8c ./Middlewares/ST/STM32_USB_Device_Library/Core/Src/usbd_ctlreq.o
                0x000000000800b7f4                USBD_GetString
 .text.USBD_GetLen
                0x000000000800b880       0x34 ./Middlewares/ST/STM32_USB_Device_Library/Core/Src/usbd_ctlreq.o
 .text.USBD_CtlSendData
                0x000000000800b8b4       0x36 ./Middlewares/ST/STM32_USB_Device_Library/Core/Src/usbd_ioreq.o
                0x000000000800b8b4                USBD_CtlSendData
 .text.USBD_CtlContinueSendData
                0x000000000800b8ea       0x22 ./Middlewares/ST/STM32_USB_Device_Library/Core/Src/usbd_ioreq.o
                0x000000000800b8ea                USBD_CtlContinueSendData
 .text.USBD_CtlPrepareRx
                0x000000000800b90c       0x3a ./Middlewares/ST/STM32_USB_Device_Library/Core/Src/usbd_ioreq.o
                0x000000000800b90c                USBD_CtlPrepareRx
 .text.USBD_CtlContinueRx
                0x000000000800b946       0x22 ./Middlewares/ST/STM32_USB_Device_Library/Core/Src/usbd_ioreq.o
                0x000000000800b946                USBD_CtlContinueRx
 .text.USBD_CtlSendStatus
                0x000000000800b968       0x26 ./Middlewares/ST/STM32_USB_Device_Library/Core/Src/usbd_ioreq.o
                0x000000000800b968                USBD_CtlSendStatus
 .text.USBD_CtlReceiveStatus
                0x000000000800b98e       0x26 ./Middlewares/ST/STM32_USB_Device_Library/Core/Src/usbd_ioreq.o
                0x000000000800b98e                USBD_CtlReceiveStatus
 .text.FATFS_LinkDriverEx
                0x000000000800b9b4       0x98 ./Middlewares/Third_Party/FatFs/src/ff_gen_drv.o
                0x000000000800b9b4                FATFS_LinkDriverEx
 .text.FATFS_LinkDriver
                0x000000000800ba4c       0x1e ./Middlewares/Third_Party/FatFs/src/ff_gen_drv.o
                0x000000000800ba4c                FATFS_LinkDriver
 *fill*         0x000000000800ba6a        0x2 
 .text.MX_USB_DEVICE_Init
                0x000000000800ba6c       0x60 ./USB_DEVICE/App/usb_device.o
                0x000000000800ba6c                MX_USB_DEVICE_Init
 .text.CDC_Init_FS
                0x000000000800bacc       0x28 ./USB_DEVICE/App/usbd_cdc_if.o
 .text.CDC_DeInit_FS
                0x000000000800baf4       0x10 ./USB_DEVICE/App/usbd_cdc_if.o
 .text.CDC_Control_FS
                0x000000000800bb04       0xbc ./USB_DEVICE/App/usbd_cdc_if.o
 .text.CDC_Receive_FS
                0x000000000800bbc0       0x28 ./USB_DEVICE/App/usbd_cdc_if.o
 .text.CDC_TransmitCplt_FS
                0x000000000800bbe8       0x22 ./USB_DEVICE/App/usbd_cdc_if.o
 *fill*         0x000000000800bc0a        0x2 
 .text.USBD_FS_DeviceDescriptor
                0x000000000800bc0c       0x24 ./USB_DEVICE/App/usbd_desc.o
                0x000000000800bc0c                USBD_FS_DeviceDescriptor
 .text.USBD_FS_LangIDStrDescriptor
                0x000000000800bc30       0x24 ./USB_DEVICE/App/usbd_desc.o
                0x000000000800bc30                USBD_FS_LangIDStrDescriptor
 .text.USBD_FS_ProductStrDescriptor
                0x000000000800bc54       0x3c ./USB_DEVICE/App/usbd_desc.o
                0x000000000800bc54                USBD_FS_ProductStrDescriptor
 .text.USBD_FS_ManufacturerStrDescriptor
                0x000000000800bc90       0x28 ./USB_DEVICE/App/usbd_desc.o
                0x000000000800bc90                USBD_FS_ManufacturerStrDescriptor
 .text.USBD_FS_SerialStrDescriptor
                0x000000000800bcb8       0x24 ./USB_DEVICE/App/usbd_desc.o
                0x000000000800bcb8                USBD_FS_SerialStrDescriptor
 .text.USBD_FS_ConfigStrDescriptor
                0x000000000800bcdc       0x3c ./USB_DEVICE/App/usbd_desc.o
                0x000000000800bcdc                USBD_FS_ConfigStrDescriptor
 .text.USBD_FS_InterfaceStrDescriptor
                0x000000000800bd18       0x3c ./USB_DEVICE/App/usbd_desc.o
                0x000000000800bd18                USBD_FS_InterfaceStrDescriptor
 .text.Get_SerialNum
                0x000000000800bd54       0x58 ./USB_DEVICE/App/usbd_desc.o
 .text.IntToUnicode
                0x000000000800bdac       0x7e ./USB_DEVICE/App/usbd_desc.o
 *fill*         0x000000000800be2a        0x2 
 .text.HAL_PCD_MspInit
                0x000000000800be2c       0xc4 ./USB_DEVICE/Target/usbd_conf.o
                0x000000000800be2c                HAL_PCD_MspInit
 .text.HAL_PCD_SetupStageCallback
                0x000000000800bef0       0x24 ./USB_DEVICE/Target/usbd_conf.o
                0x000000000800bef0                HAL_PCD_SetupStageCallback
 .text.HAL_PCD_DataOutStageCallback
                0x000000000800bf14       0x36 ./USB_DEVICE/Target/usbd_conf.o
                0x000000000800bf14                HAL_PCD_DataOutStageCallback
 .text.HAL_PCD_DataInStageCallback
                0x000000000800bf4a       0x34 ./USB_DEVICE/Target/usbd_conf.o
                0x000000000800bf4a                HAL_PCD_DataInStageCallback
 .text.HAL_PCD_SOFCallback
                0x000000000800bf7e       0x1c ./USB_DEVICE/Target/usbd_conf.o
                0x000000000800bf7e                HAL_PCD_SOFCallback
 .text.HAL_PCD_ResetCallback
                0x000000000800bf9a       0x50 ./USB_DEVICE/Target/usbd_conf.o
                0x000000000800bf9a                HAL_PCD_ResetCallback
 *fill*         0x000000000800bfea        0x2 
 .text.HAL_PCD_SuspendCallback
                0x000000000800bfec       0x4c ./USB_DEVICE/Target/usbd_conf.o
                0x000000000800bfec                HAL_PCD_SuspendCallback
 .text.HAL_PCD_ResumeCallback
                0x000000000800c038       0x1c ./USB_DEVICE/Target/usbd_conf.o
                0x000000000800c038                HAL_PCD_ResumeCallback
 .text.HAL_PCD_ISOOUTIncompleteCallback
                0x000000000800c054       0x24 ./USB_DEVICE/Target/usbd_conf.o
                0x000000000800c054                HAL_PCD_ISOOUTIncompleteCallback
 .text.HAL_PCD_ISOINIncompleteCallback
                0x000000000800c078       0x24 ./USB_DEVICE/Target/usbd_conf.o
                0x000000000800c078                HAL_PCD_ISOINIncompleteCallback
 .text.HAL_PCD_ConnectCallback
                0x000000000800c09c       0x1c ./USB_DEVICE/Target/usbd_conf.o
                0x000000000800c09c                HAL_PCD_ConnectCallback
 .text.HAL_PCD_DisconnectCallback
                0x000000000800c0b8       0x1c ./USB_DEVICE/Target/usbd_conf.o
                0x000000000800c0b8                HAL_PCD_DisconnectCallback
 .text.USBD_LL_Init
                0x000000000800c0d4       0x98 ./USB_DEVICE/Target/usbd_conf.o
                0x000000000800c0d4                USBD_LL_Init
 .text.USBD_LL_Start
                0x000000000800c16c       0x36 ./USB_DEVICE/Target/usbd_conf.o
                0x000000000800c16c                USBD_LL_Start
 .text.USBD_LL_OpenEP
                0x000000000800c1a2       0x4c ./USB_DEVICE/Target/usbd_conf.o
                0x000000000800c1a2                USBD_LL_OpenEP
 .text.USBD_LL_CloseEP
                0x000000000800c1ee       0x3e ./USB_DEVICE/Target/usbd_conf.o
                0x000000000800c1ee                USBD_LL_CloseEP
 .text.USBD_LL_StallEP
                0x000000000800c22c       0x3e ./USB_DEVICE/Target/usbd_conf.o
                0x000000000800c22c                USBD_LL_StallEP
 .text.USBD_LL_ClearStallEP
                0x000000000800c26a       0x3e ./USB_DEVICE/Target/usbd_conf.o
                0x000000000800c26a                USBD_LL_ClearStallEP
 .text.USBD_LL_IsStallEP
                0x000000000800c2a8       0x58 ./USB_DEVICE/Target/usbd_conf.o
                0x000000000800c2a8                USBD_LL_IsStallEP
 .text.USBD_LL_SetUSBAddress
                0x000000000800c300       0x3e ./USB_DEVICE/Target/usbd_conf.o
                0x000000000800c300                USBD_LL_SetUSBAddress
 .text.USBD_LL_Transmit
                0x000000000800c33e       0x42 ./USB_DEVICE/Target/usbd_conf.o
                0x000000000800c33e                USBD_LL_Transmit
 .text.USBD_LL_PrepareReceive
                0x000000000800c380       0x42 ./USB_DEVICE/Target/usbd_conf.o
                0x000000000800c380                USBD_LL_PrepareReceive
 .text.USBD_LL_GetRxDataSize
                0x000000000800c3c2       0x26 ./USB_DEVICE/Target/usbd_conf.o
                0x000000000800c3c2                USBD_LL_GetRxDataSize
 .text.USBD_static_malloc
                0x000000000800c3e8       0x1c ./USB_DEVICE/Target/usbd_conf.o
                0x000000000800c3e8                USBD_static_malloc
 .text.USBD_static_free
                0x000000000800c404       0x14 ./USB_DEVICE/Target/usbd_conf.o
                0x000000000800c404                USBD_static_free
 .text.USBD_Get_USB_Status
                0x000000000800c418       0x58 ./USB_DEVICE/Target/usbd_conf.o
                0x000000000800c418                USBD_Get_USB_Status
 .text.__libc_init_array
                0x000000000800c470       0x48 c:/st/stm32cubeide_1.8.0/stm32cubeide/plugins/com.st.stm32cube.ide.mcu.externaltools.gnu-tools-for-stm32.10.3-2021.10.win32_1.0.0.202111181127/tools/bin/../lib/gcc/arm-none-eabi/10.3.1/../../../../arm-none-eabi/lib/thumb/v7e-m+fp/hard\libc_nano.a(lib_a-init.o)
                0x000000000800c470                __libc_init_array
 .text.memset   0x000000000800c4b8       0x10 c:/st/stm32cubeide_1.8.0/stm32cubeide/plugins/com.st.stm32cube.ide.mcu.externaltools.gnu-tools-for-stm32.10.3-2021.10.win32_1.0.0.202111181127/tools/bin/../lib/gcc/arm-none-eabi/10.3.1/../../../../arm-none-eabi/lib/thumb/v7e-m+fp/hard\libc_nano.a(lib_a-memset.o)
                0x000000000800c4b8                memset
 *(.glue_7)
 .glue_7        0x000000000800c4c8        0x0 linker stubs
 *(.glue_7t)
 .glue_7t       0x000000000800c4c8        0x0 linker stubs
 *(.eh_frame)
 .eh_frame      0x000000000800c4c8        0x0 c:/st/stm32cubeide_1.8.0/stm32cubeide/plugins/com.st.stm32cube.ide.mcu.externaltools.gnu-tools-for-stm32.10.3-2021.10.win32_1.0.0.202111181127/tools/bin/../lib/gcc/arm-none-eabi/10.3.1/thumb/v7e-m+fp/hard/crtbegin.o
 *(.init)
 .init          0x000000000800c4c8        0x4 c:/st/stm32cubeide_1.8.0/stm32cubeide/plugins/com.st.stm32cube.ide.mcu.externaltools.gnu-tools-for-stm32.10.3-2021.10.win32_1.0.0.202111181127/tools/bin/../lib/gcc/arm-none-eabi/10.3.1/thumb/v7e-m+fp/hard/crti.o
                0x000000000800c4c8                _init
 .init          0x000000000800c4cc        0x8 c:/st/stm32cubeide_1.8.0/stm32cubeide/plugins/com.st.stm32cube.ide.mcu.externaltools.gnu-tools-for-stm32.10.3-2021.10.win32_1.0.0.202111181127/tools/bin/../lib/gcc/arm-none-eabi/10.3.1/thumb/v7e-m+fp/hard/crtn.o
 *(.fini)
 .fini          0x000000000800c4d4        0x4 c:/st/stm32cubeide_1.8.0/stm32cubeide/plugins/com.st.stm32cube.ide.mcu.externaltools.gnu-tools-for-stm32.10.3-2021.10.win32_1.0.0.202111181127/tools/bin/../lib/gcc/arm-none-eabi/10.3.1/thumb/v7e-m+fp/hard/crti.o
                0x000000000800c4d4                _fini
 .fini          0x000000000800c4d8        0x8 c:/st/stm32cubeide_1.8.0/stm32cubeide/plugins/com.st.stm32cube.ide.mcu.externaltools.gnu-tools-for-stm32.10.3-2021.10.win32_1.0.0.202111181127/tools/bin/../lib/gcc/arm-none-eabi/10.3.1/thumb/v7e-m+fp/hard/crtn.o
                0x000000000800c4e0                . = ALIGN (0x4)
                0x000000000800c4e0                _etext = .

.vfp11_veneer   0x000000000800c4e0        0x0
 .vfp11_veneer  0x000000000800c4e0        0x0 linker stubs

.v4_bx          0x000000000800c4e0        0x0
 .v4_bx         0x000000000800c4e0        0x0 linker stubs

.iplt           0x000000000800c4e0        0x0
 .iplt          0x000000000800c4e0        0x0 c:/st/stm32cubeide_1.8.0/stm32cubeide/plugins/com.st.stm32cube.ide.mcu.externaltools.gnu-tools-for-stm32.10.3-2021.10.win32_1.0.0.202111181127/tools/bin/../lib/gcc/arm-none-eabi/10.3.1/thumb/v7e-m+fp/hard/crtbegin.o

.rodata         0x000000000800c4e0       0x7c
                0x000000000800c4e0                . = ALIGN (0x4)
 *(.rodata)
 .rodata        0x000000000800c4e0       0x46 ./USB_DEVICE/App/usbd_desc.o
 *(.rodata*)
 *fill*         0x000000000800c526        0x2 
 .rodata.AHBPrescTable
                0x000000000800c528       0x10 ./Core/Src/system_stm32f4xx.o
                0x000000000800c528                AHBPrescTable
 .rodata.APBPrescTable
                0x000000000800c538        0x8 ./Core/Src/system_stm32f4xx.o
                0x000000000800c538                APBPrescTable
 .rodata.flagBitshiftOffset.0
                0x000000000800c540        0x8 ./Drivers/STM32F4xx_HAL_Driver/Src/stm32f4xx_hal_dma.o
 .rodata.SD_Driver
                0x000000000800c548       0x14 ./FATFS/Target/sd_diskio.o
                0x000000000800c548                SD_Driver
                0x000000000800c55c                . = ALIGN (0x4)

.ARM.extab      0x000000000800c55c        0x0
                0x000000000800c55c                . = ALIGN (0x4)
 *(.ARM.extab* .gnu.linkonce.armextab.*)
                0x000000000800c55c                . = ALIGN (0x4)

.ARM            0x000000000800c55c        0x8
                0x000000000800c55c                . = ALIGN (0x4)
                0x000000000800c55c                __exidx_start = .
 *(.ARM.exidx*)
 .ARM.exidx     0x000000000800c55c        0x8 c:/st/stm32cubeide_1.8.0/stm32cubeide/plugins/com.st.stm32cube.ide.mcu.externaltools.gnu-tools-for-stm32.10.3-2021.10.win32_1.0.0.202111181127/tools/bin/../lib/gcc/arm-none-eabi/10.3.1/thumb/v7e-m+fp/hard\libgcc.a(_udivmoddi4.o)
                0x000000000800c564                __exidx_end = .
                0x000000000800c564                . = ALIGN (0x4)

.rel.dyn        0x000000000800c564        0x0
 .rel.iplt      0x000000000800c564        0x0 c:/st/stm32cubeide_1.8.0/stm32cubeide/plugins/com.st.stm32cube.ide.mcu.externaltools.gnu-tools-for-stm32.10.3-2021.10.win32_1.0.0.202111181127/tools/bin/../lib/gcc/arm-none-eabi/10.3.1/thumb/v7e-m+fp/hard/crtbegin.o

.preinit_array  0x000000000800c564        0x0
                0x000000000800c564                . = ALIGN (0x4)
                0x000000000800c564                PROVIDE (__preinit_array_start = .)
 *(.preinit_array*)
                0x000000000800c564                PROVIDE (__preinit_array_end = .)
                0x000000000800c564                . = ALIGN (0x4)

.init_array     0x000000000800c564        0x4
                0x000000000800c564                . = ALIGN (0x4)
                0x000000000800c564                PROVIDE (__init_array_start = .)
 *(SORT_BY_NAME(.init_array.*))
 *(.init_array*)
 .init_array    0x000000000800c564        0x4 c:/st/stm32cubeide_1.8.0/stm32cubeide/plugins/com.st.stm32cube.ide.mcu.externaltools.gnu-tools-for-stm32.10.3-2021.10.win32_1.0.0.202111181127/tools/bin/../lib/gcc/arm-none-eabi/10.3.1/thumb/v7e-m+fp/hard/crtbegin.o
                0x000000000800c568                PROVIDE (__init_array_end = .)
                0x000000000800c568                . = ALIGN (0x4)

.fini_array     0x000000000800c568        0x4
                0x000000000800c568                . = ALIGN (0x4)
                [!provide]                        PROVIDE (__fini_array_start = .)
 *(SORT_BY_NAME(.fini_array.*))
 *(.fini_array*)
 .fini_array    0x000000000800c568        0x4 c:/st/stm32cubeide_1.8.0/stm32cubeide/plugins/com.st.stm32cube.ide.mcu.externaltools.gnu-tools-for-stm32.10.3-2021.10.win32_1.0.0.202111181127/tools/bin/../lib/gcc/arm-none-eabi/10.3.1/thumb/v7e-m+fp/hard/crtbegin.o
                [!provide]                        PROVIDE (__fini_array_end = .)
                0x000000000800c56c                . = ALIGN (0x4)
                0x000000000800c56c                _sidata = LOADADDR (.data)

.data           0x0000000020000000       0xfc load address 0x000000000800c56c
                0x0000000020000000                . = ALIGN (0x4)
                0x0000000020000000                _sdata = .
 *(.data)
 *(.data*)
 .data.SystemCoreClock
                0x0000000020000000        0x4 ./Core/Src/system_stm32f4xx.o
                0x0000000020000000                SystemCoreClock
 .data.uwTickPrio
                0x0000000020000004        0x4 ./Drivers/STM32F4xx_HAL_Driver/Src/stm32f4xx_hal.o
                0x0000000020000004                uwTickPrio
 .data.uwTickFreq
                0x0000000020000008        0x1 ./Drivers/STM32F4xx_HAL_Driver/Src/stm32f4xx_hal.o
                0x0000000020000008                uwTickFreq
 .data.Stat     0x0000000020000009        0x1 ./FATFS/Target/sd_diskio.o
 *fill*         0x000000002000000a        0x2 
 .data.USBD_CDC_DeviceQualifierDesc
                0x000000002000000c        0xa ./Middlewares/ST/STM32_USB_Device_Library/Class/CDC/Src/usbd_cdc.o
 *fill*         0x0000000020000016        0x2 
 .data.USBD_CDC
                0x0000000020000018       0x38 ./Middlewares/ST/STM32_USB_Device_Library/Class/CDC/Src/usbd_cdc.o
                0x0000000020000018                USBD_CDC
 .data.USBD_CDC_CfgDesc
                0x0000000020000050       0x43 ./Middlewares/ST/STM32_USB_Device_Library/Class/CDC/Src/usbd_cdc.o
 .data.CDCInEpAdd
                0x0000000020000093        0x1 ./Middlewares/ST/STM32_USB_Device_Library/Class/CDC/Src/usbd_cdc.o
 .data.CDCOutEpAdd
                0x0000000020000094        0x1 ./Middlewares/ST/STM32_USB_Device_Library/Class/CDC/Src/usbd_cdc.o
 .data.CDCCmdEpAdd
                0x0000000020000095        0x1 ./Middlewares/ST/STM32_USB_Device_Library/Class/CDC/Src/usbd_cdc.o
 *fill*         0x0000000020000096        0x2 
 .data.USBD_Interface_fops_FS
                0x0000000020000098       0x14 ./USB_DEVICE/App/usbd_cdc_if.o
                0x0000000020000098                USBD_Interface_fops_FS
 .data.FS_Desc  0x00000000200000ac       0x1c ./USB_DEVICE/App/usbd_desc.o
                0x00000000200000ac                FS_Desc
 .data.USBD_FS_DeviceDesc
                0x00000000200000c8       0x12 ./USB_DEVICE/App/usbd_desc.o
                0x00000000200000c8                USBD_FS_DeviceDesc
 *fill*         0x00000000200000da        0x2 
 .data.USBD_LangIDDesc
                0x00000000200000dc        0x4 ./USB_DEVICE/App/usbd_desc.o
                0x00000000200000dc                USBD_LangIDDesc
 .data.USBD_StringSerial
                0x00000000200000e0       0x1a ./USB_DEVICE/App/usbd_desc.o
                0x00000000200000e0                USBD_StringSerial
 *(.RamFunc)
 *(.RamFunc*)
                0x00000000200000fc                . = ALIGN (0x4)
 *fill*         0x00000000200000fa        0x2 
                0x00000000200000fc                _edata = .
                0x000000000800c668                _siccmram = LOADADDR (.ccmram)

.igot.plt       0x00000000200000fc        0x0 load address 0x000000000800c668
 .igot.plt      0x00000000200000fc        0x0 c:/st/stm32cubeide_1.8.0/stm32cubeide/plugins/com.st.stm32cube.ide.mcu.externaltools.gnu-tools-for-stm32.10.3-2021.10.win32_1.0.0.202111181127/tools/bin/../lib/gcc/arm-none-eabi/10.3.1/thumb/v7e-m+fp/hard/crtbegin.o

.ccmram         0x0000000010000000        0x0 load address 0x000000000800c668
                0x0000000010000000                . = ALIGN (0x4)
                0x0000000010000000                _sccmram = .
 *(.ccmram)
 *(.ccmram*)
                0x0000000010000000                . = ALIGN (0x4)
                0x0000000010000000                _eccmram = .
                0x0000000010000000                . = ALIGN (0x4)

.bss            0x00000000200000fc     0x21c8
                0x00000000200000fc                _sbss = .
                0x00000000200000fc                __bss_start__ = _sbss
 *(.bss)
 .bss           0x00000000200000fc       0x1c c:/st/stm32cubeide_1.8.0/stm32cubeide/plugins/com.st.stm32cube.ide.mcu.externaltools.gnu-tools-for-stm32.10.3-2021.10.win32_1.0.0.202111181127/tools/bin/../lib/gcc/arm-none-eabi/10.3.1/thumb/v7e-m+fp/hard/crtbegin.o
 *(.bss*)
 .bss.hadc1     0x0000000020000118       0x48 ./Core/Src/main.o
                0x0000000020000118                hadc1
 .bss.hdma_adc1
                0x0000000020000160       0x60 ./Core/Src/main.o
                0x0000000020000160                hdma_adc1
 .bss.hsd       0x00000000200001c0       0x84 ./Core/Src/main.o
                0x00000000200001c0                hsd
 .bss.hspi1     0x0000000020000244       0x58 ./Core/Src/main.o
                0x0000000020000244                hspi1
 .bss.hspi2     0x000000002000029c       0x58 ./Core/Src/main.o
                0x000000002000029c                hspi2
 .bss.htim3     0x00000000200002f4       0x48 ./Core/Src/main.o
                0x00000000200002f4                htim3
 .bss.htim4     0x000000002000033c       0x48 ./Core/Src/main.o
                0x000000002000033c                htim4
 .bss.htim6     0x0000000020000384       0x48 ./Core/Src/main.o
                0x0000000020000384                htim6
 .bss.huart4    0x00000000200003cc       0x44 ./Core/Src/main.o
                0x00000000200003cc                huart4
 .bss.huart1    0x0000000020000410       0x44 ./Core/Src/main.o
                0x0000000020000410                huart1
 .bss.huart2    0x0000000020000454       0x44 ./Core/Src/main.o
                0x0000000020000454                huart2
 .bss.huart3    0x0000000020000498       0x44 ./Core/Src/main.o
                0x0000000020000498                huart3
 .bss.huart6    0x00000000200004dc       0x44 ./Core/Src/main.o
                0x00000000200004dc                huart6
 .bss.hdma_usart1_tx
                0x0000000020000520       0x60 ./Core/Src/main.o
                0x0000000020000520                hdma_usart1_tx
 .bss.hdma_usart2_tx
                0x0000000020000580       0x60 ./Core/Src/main.o
                0x0000000020000580                hdma_usart2_tx
 .bss.hdma_usart3_tx
                0x00000000200005e0       0x60 ./Core/Src/main.o
                0x00000000200005e0                hdma_usart3_tx
 .bss.hdma_usart6_tx
                0x0000000020000640       0x60 ./Core/Src/main.o
                0x0000000020000640                hdma_usart6_tx
 .bss.uwTick    0x00000000200006a0        0x4 ./Drivers/STM32F4xx_HAL_Driver/Src/stm32f4xx_hal.o
                0x00000000200006a0                uwTick
 .bss.retSD     0x00000000200006a4        0x1 ./FATFS/App/fatfs.o
                0x00000000200006a4                retSD
 *fill*         0x00000000200006a5        0x3 
 .bss.SDPath    0x00000000200006a8        0x4 ./FATFS/App/fatfs.o
                0x00000000200006a8                SDPath
 .bss.cfgidx.0  0x00000000200006ac        0x1 ./Middlewares/ST/STM32_USB_Device_Library/Core/Src/usbd_ctlreq.o
 *fill*         0x00000000200006ad        0x3 
 .bss.disk      0x00000000200006b0        0xc ./Middlewares/Third_Party/FatFs/src/ff_gen_drv.o
                0x00000000200006b0                disk
 .bss.hUsbDeviceFS
                0x00000000200006bc      0x2dc ./USB_DEVICE/App/usb_device.o
                0x00000000200006bc                hUsbDeviceFS
 .bss.UserRxBufferFS
                0x0000000020000998      0x800 ./USB_DEVICE/App/usbd_cdc_if.o
                0x0000000020000998                UserRxBufferFS
 .bss.UserTxBufferFS
                0x0000000020001198      0x800 ./USB_DEVICE/App/usbd_cdc_if.o
                0x0000000020001198                UserTxBufferFS
 .bss.USBD_StrDesc
                0x0000000020001998      0x200 ./USB_DEVICE/App/usbd_desc.o
                0x0000000020001998                USBD_StrDesc
 .bss.hpcd_USB_OTG_FS
                0x0000000020001b98      0x50c ./USB_DEVICE/Target/usbd_conf.o
                0x0000000020001b98                hpcd_USB_OTG_FS
 .bss.mem.0     0x00000000200020a4      0x220 ./USB_DEVICE/Target/usbd_conf.o
 *(COMMON)
                0x00000000200022c4                . = ALIGN (0x4)
                0x00000000200022c4                _ebss = .
                0x00000000200022c4                __bss_end__ = _ebss

._user_heap_stack
                0x00000000200022c4      0x604
                0x00000000200022c8                . = ALIGN (0x8)
 *fill*         0x00000000200022c4        0x4 
                [!provide]                        PROVIDE (end = .)
                0x00000000200022c8                PROVIDE (_end = .)
                0x00000000200024c8                . = (. + _Min_Heap_Size)
 *fill*         0x00000000200022c8      0x200 
                0x00000000200028c8                . = (. + _Min_Stack_Size)
 *fill*         0x00000000200024c8      0x400 
                0x00000000200028c8                . = ALIGN (0x8)

/DISCARD/
 libc.a(*)
 libm.a(*)
 libgcc.a(*)

.ARM.attributes
                0x0000000000000000       0x30
 *(.ARM.attributes)
 .ARM.attributes
                0x0000000000000000       0x1e c:/st/stm32cubeide_1.8.0/stm32cubeide/plugins/com.st.stm32cube.ide.mcu.externaltools.gnu-tools-for-stm32.10.3-2021.10.win32_1.0.0.202111181127/tools/bin/../lib/gcc/arm-none-eabi/10.3.1/thumb/v7e-m+fp/hard/crti.o
 .ARM.attributes
                0x000000000000001e       0x34 c:/st/stm32cubeide_1.8.0/stm32cubeide/plugins/com.st.stm32cube.ide.mcu.externaltools.gnu-tools-for-stm32.10.3-2021.10.win32_1.0.0.202111181127/tools/bin/../lib/gcc/arm-none-eabi/10.3.1/thumb/v7e-m+fp/hard/crtbegin.o
 .ARM.attributes
                0x0000000000000052       0x34 ./Core/Src/main.o
 .ARM.attributes
                0x0000000000000086       0x34 ./Core/Src/stm32f4xx_hal_msp.o
 .ARM.attributes
                0x00000000000000ba       0x34 ./Core/Src/stm32f4xx_it.o
 .ARM.attributes
                0x00000000000000ee       0x34 ./Core/Src/system_stm32f4xx.o
 .ARM.attributes
                0x0000000000000122       0x21 ./Core/Startup/startup_stm32f407vgtx.o
 .ARM.attributes
                0x0000000000000143       0x34 ./Drivers/STM32F4xx_HAL_Driver/Src/stm32f4xx_hal.o
 .ARM.attributes
                0x0000000000000177       0x34 ./Drivers/STM32F4xx_HAL_Driver/Src/stm32f4xx_hal_adc.o
 .ARM.attributes
                0x00000000000001ab       0x34 ./Drivers/STM32F4xx_HAL_Driver/Src/stm32f4xx_hal_cortex.o
 .ARM.attributes
                0x00000000000001df       0x34 ./Drivers/STM32F4xx_HAL_Driver/Src/stm32f4xx_hal_dma.o
 .ARM.attributes
                0x0000000000000213       0x34 ./Drivers/STM32F4xx_HAL_Driver/Src/stm32f4xx_hal_gpio.o
 .ARM.attributes
                0x0000000000000247       0x34 ./Drivers/STM32F4xx_HAL_Driver/Src/stm32f4xx_hal_pcd.o
 .ARM.attributes
                0x000000000000027b       0x34 ./Drivers/STM32F4xx_HAL_Driver/Src/stm32f4xx_hal_pcd_ex.o
 .ARM.attributes
                0x00000000000002af       0x34 ./Drivers/STM32F4xx_HAL_Driver/Src/stm32f4xx_hal_rcc.o
 .ARM.attributes
                0x00000000000002e3       0x34 ./Drivers/STM32F4xx_HAL_Driver/Src/stm32f4xx_hal_sd.o
 .ARM.attributes
                0x0000000000000317       0x34 ./Drivers/STM32F4xx_HAL_Driver/Src/stm32f4xx_hal_spi.o
 .ARM.attributes
                0x000000000000034b       0x34 ./Drivers/STM32F4xx_HAL_Driver/Src/stm32f4xx_hal_tim.o
 .ARM.attributes
                0x000000000000037f       0x34 ./Drivers/STM32F4xx_HAL_Driver/Src/stm32f4xx_hal_tim_ex.o
 .ARM.attributes
                0x00000000000003b3       0x34 ./Drivers/STM32F4xx_HAL_Driver/Src/stm32f4xx_hal_uart.o
 .ARM.attributes
                0x00000000000003e7       0x34 ./Drivers/STM32F4xx_HAL_Driver/Src/stm32f4xx_ll_sdmmc.o
 .ARM.attributes
                0x000000000000041b       0x34 ./Drivers/STM32F4xx_HAL_Driver/Src/stm32f4xx_ll_usb.o
 .ARM.attributes
                0x000000000000044f       0x34 ./FATFS/App/fatfs.o
 .ARM.attributes
                0x0000000000000483       0x34 ./FATFS/Target/bsp_driver_sd.o
 .ARM.attributes
                0x00000000000004b7       0x34 ./FATFS/Target/fatfs_platform.o
 .ARM.attributes
                0x00000000000004eb       0x34 ./FATFS/Target/sd_diskio.o
 .ARM.attributes
                0x000000000000051f       0x34 ./Middlewares/ST/STM32_USB_Device_Library/Class/CDC/Src/usbd_cdc.o
 .ARM.attributes
                0x0000000000000553       0x34 ./Middlewares/ST/STM32_USB_Device_Library/Core/Src/usbd_core.o
 .ARM.attributes
                0x0000000000000587       0x34 ./Middlewares/ST/STM32_USB_Device_Library/Core/Src/usbd_ctlreq.o
 .ARM.attributes
                0x00000000000005bb       0x34 ./Middlewares/ST/STM32_USB_Device_Library/Core/Src/usbd_ioreq.o
 .ARM.attributes
                0x00000000000005ef       0x34 ./Middlewares/Third_Party/FatFs/src/ff_gen_drv.o
 .ARM.attributes
                0x0000000000000623       0x34 ./USB_DEVICE/App/usb_device.o
 .ARM.attributes
                0x0000000000000657       0x34 ./USB_DEVICE/App/usbd_cdc_if.o
 .ARM.attributes
                0x000000000000068b       0x34 ./USB_DEVICE/App/usbd_desc.o
 .ARM.attributes
                0x00000000000006bf       0x34 ./USB_DEVICE/Target/usbd_conf.o
 .ARM.attributes
                0x00000000000006f3       0x34 c:/st/stm32cubeide_1.8.0/stm32cubeide/plugins/com.st.stm32cube.ide.mcu.externaltools.gnu-tools-for-stm32.10.3-2021.10.win32_1.0.0.202111181127/tools/bin/../lib/gcc/arm-none-eabi/10.3.1/../../../../arm-none-eabi/lib/thumb/v7e-m+fp/hard\libc_nano.a(lib_a-init.o)
 .ARM.attributes
                0x0000000000000727       0x34 c:/st/stm32cubeide_1.8.0/stm32cubeide/plugins/com.st.stm32cube.ide.mcu.externaltools.gnu-tools-for-stm32.10.3-2021.10.win32_1.0.0.202111181127/tools/bin/../lib/gcc/arm-none-eabi/10.3.1/../../../../arm-none-eabi/lib/thumb/v7e-m+fp/hard\libc_nano.a(lib_a-memset.o)
 .ARM.attributes
                0x000000000000075b       0x1e c:/st/stm32cubeide_1.8.0/stm32cubeide/plugins/com.st.stm32cube.ide.mcu.externaltools.gnu-tools-for-stm32.10.3-2021.10.win32_1.0.0.202111181127/tools/bin/../lib/gcc/arm-none-eabi/10.3.1/thumb/v7e-m+fp/hard\libgcc.a(_aeabi_uldivmod.o)
 .ARM.attributes
                0x0000000000000779       0x34 c:/st/stm32cubeide_1.8.0/stm32cubeide/plugins/com.st.stm32cube.ide.mcu.externaltools.gnu-tools-for-stm32.10.3-2021.10.win32_1.0.0.202111181127/tools/bin/../lib/gcc/arm-none-eabi/10.3.1/thumb/v7e-m+fp/hard\libgcc.a(_udivmoddi4.o)
 .ARM.attributes
                0x00000000000007ad       0x1e c:/st/stm32cubeide_1.8.0/stm32cubeide/plugins/com.st.stm32cube.ide.mcu.externaltools.gnu-tools-for-stm32.10.3-2021.10.win32_1.0.0.202111181127/tools/bin/../lib/gcc/arm-none-eabi/10.3.1/thumb/v7e-m+fp/hard\libgcc.a(_dvmd_tls.o)
 .ARM.attributes
                0x00000000000007cb       0x1e c:/st/stm32cubeide_1.8.0/stm32cubeide/plugins/com.st.stm32cube.ide.mcu.externaltools.gnu-tools-for-stm32.10.3-2021.10.win32_1.0.0.202111181127/tools/bin/../lib/gcc/arm-none-eabi/10.3.1/thumb/v7e-m+fp/hard/crtn.o
OUTPUT(Configurar ID do motor + teste.elf elf32-littlearm)
LOAD linker stubs
LOAD c:/st/stm32cubeide_1.8.0/stm32cubeide/plugins/com.st.stm32cube.ide.mcu.externaltools.gnu-tools-for-stm32.10.3-2021.10.win32_1.0.0.202111181127/tools/bin/../lib/gcc/arm-none-eabi/10.3.1/../../../../arm-none-eabi/lib/thumb/v7e-m+fp/hard\libc.a
LOAD c:/st/stm32cubeide_1.8.0/stm32cubeide/plugins/com.st.stm32cube.ide.mcu.externaltools.gnu-tools-for-stm32.10.3-2021.10.win32_1.0.0.202111181127/tools/bin/../lib/gcc/arm-none-eabi/10.3.1/../../../../arm-none-eabi/lib/thumb/v7e-m+fp/hard\libm.a
LOAD c:/st/stm32cubeide_1.8.0/stm32cubeide/plugins/com.st.stm32cube.ide.mcu.externaltools.gnu-tools-for-stm32.10.3-2021.10.win32_1.0.0.202111181127/tools/bin/../lib/gcc/arm-none-eabi/10.3.1/thumb/v7e-m+fp/hard\libgcc.a

.debug_info     0x0000000000000000    0x204f0
 .debug_info    0x0000000000000000     0x1f5f ./Core/Src/main.o
 .debug_info    0x0000000000001f5f     0x1cd9 ./Core/Src/stm32f4xx_hal_msp.o
 .debug_info    0x0000000000003c38      0xfbd ./Core/Src/stm32f4xx_it.o
 .debug_info    0x0000000000004bf5      0x523 ./Core/Src/system_stm32f4xx.o
 .debug_info    0x0000000000005118       0x22 ./Core/Startup/startup_stm32f407vgtx.o
 .debug_info    0x000000000000513a      0x97c ./Drivers/STM32F4xx_HAL_Driver/Src/stm32f4xx_hal.o
 .debug_info    0x0000000000005ab6      0xd70 ./Drivers/STM32F4xx_HAL_Driver/Src/stm32f4xx_hal_adc.o
 .debug_info    0x0000000000006826      0xe1b ./Drivers/STM32F4xx_HAL_Driver/Src/stm32f4xx_hal_cortex.o
 .debug_info    0x0000000000007641      0x94f ./Drivers/STM32F4xx_HAL_Driver/Src/stm32f4xx_hal_dma.o
 .debug_info    0x0000000000007f90      0x76a ./Drivers/STM32F4xx_HAL_Driver/Src/stm32f4xx_hal_gpio.o
 .debug_info    0x00000000000086fa     0x1695 ./Drivers/STM32F4xx_HAL_Driver/Src/stm32f4xx_hal_pcd.o
 .debug_info    0x0000000000009d8f      0x717 ./Drivers/STM32F4xx_HAL_Driver/Src/stm32f4xx_hal_pcd_ex.o
 .debug_info    0x000000000000a4a6      0x966 ./Drivers/STM32F4xx_HAL_Driver/Src/stm32f4xx_hal_rcc.o
 .debug_info    0x000000000000ae0c     0x1d34 ./Drivers/STM32F4xx_HAL_Driver/Src/stm32f4xx_hal_sd.o
 .debug_info    0x000000000000cb40     0x1758 ./Drivers/STM32F4xx_HAL_Driver/Src/stm32f4xx_hal_spi.o
 .debug_info    0x000000000000e298     0x2bbe ./Drivers/STM32F4xx_HAL_Driver/Src/stm32f4xx_hal_tim.o
 .debug_info    0x0000000000010e56     0x15e0 ./Drivers/STM32F4xx_HAL_Driver/Src/stm32f4xx_hal_tim_ex.o
 .debug_info    0x0000000000012436     0x31bc ./Drivers/STM32F4xx_HAL_Driver/Src/stm32f4xx_hal_uart.o
 .debug_info    0x00000000000155f2     0x11dd ./Drivers/STM32F4xx_HAL_Driver/Src/stm32f4xx_ll_sdmmc.o
 .debug_info    0x00000000000167cf     0x1a97 ./Drivers/STM32F4xx_HAL_Driver/Src/stm32f4xx_ll_usb.o
 .debug_info    0x0000000000018266      0x4fa ./FATFS/App/fatfs.o
 .debug_info    0x0000000000018760      0xb43 ./FATFS/Target/bsp_driver_sd.o
 .debug_info    0x00000000000192a3      0x1dd ./FATFS/Target/fatfs_platform.o
 .debug_info    0x0000000000019480      0x4e9 ./FATFS/Target/sd_diskio.o
 .debug_info    0x0000000000019969     0x130c ./Middlewares/ST/STM32_USB_Device_Library/Class/CDC/Src/usbd_cdc.o
 .debug_info    0x000000000001ac75      0xee7 ./Middlewares/ST/STM32_USB_Device_Library/Core/Src/usbd_core.o
 .debug_info    0x000000000001bb5c      0xb7f ./Middlewares/ST/STM32_USB_Device_Library/Core/Src/usbd_ctlreq.o
 .debug_info    0x000000000001c6db      0x7da ./Middlewares/ST/STM32_USB_Device_Library/Core/Src/usbd_ioreq.o
 .debug_info    0x000000000001ceb5      0x3a9 ./Middlewares/Third_Party/FatFs/src/ff_gen_drv.o
 .debug_info    0x000000000001d25e      0x76a ./USB_DEVICE/App/usb_device.o
 .debug_info    0x000000000001d9c8      0x96f ./USB_DEVICE/App/usbd_cdc_if.o