../Core/Src/main.c:99:5:main	8	static
../Core/Src/main.c:159:6:SystemClock_Config	88	static
../Core/Src/main.c:205:13:MX_ADC1_Init	24	static
../Core/Src/main.c:257:13:MX_SDIO_SD_Init	4	static
../Core/Src/main.c:285:13:MX_SPI1_Init	8	static
../Core/Src/main.c:323:13:MX_SPI2_Init	8	static
../Core/Src/main.c:361:13:MX_TIM3_Init	48	static
../Core/Src/main.c:422:13:MX_TIM4_Init	48	static
../Core/Src/main.c:475:13:MX_TIM6_Init	16	static
../Core/Src/main.c:513:13:MX_UART4_Init	8	static
../Core/Src/main.c:546:13:MX_USART1_UART_Init	8	static
../Core/Src/main.c:579:13:MX_USART2_UART_Init	8	static
../Core/Src/main.c:612:13:MX_USART3_UART_Init	8	static
../Core/Src/main.c:645:13:MX_USART6_UART_Init	8	static
../Core/Src/main.c:676:13:MX_DMA_Init	16	static
../Core/Src/main.c:707:13:MX_GPIO_Init	56	static
../Core/Src/main.c:773:6:Error_Handler	8	static,ignoring_inline_asm
