../Core/Src/main.c:99:5:main	8	static
../Core/Src/main.c:157:6:SystemClock_Config	88	static
../Core/Src/main.c:203:13:MX_ADC1_Init	24	static
../Core/Src/main.c:255:13:MX_SDIO_SD_Init	4	static
../Core/Src/main.c:283:13:MX_SPI1_Init	8	static
../Core/Src/main.c:321:13:MX_SPI2_Init	8	static
../Core/Src/main.c:359:13:MX_TIM3_Init	48	static
../Core/Src/main.c:420:13:MX_TIM4_Init	48	static
../Core/Src/main.c:473:13:MX_TIM6_Init	16	static
../Core/Src/main.c:511:13:MX_UART4_Init	8	static
../Core/Src/main.c:544:13:MX_USART1_UART_Init	8	static
../Core/Src/main.c:577:13:MX_USART2_UART_Init	8	static
../Core/Src/main.c:610:13:MX_USART3_UART_Init	8	static
../Core/Src/main.c:643:13:MX_USART6_UART_Init	8	static
../Core/Src/main.c:674:13:MX_DMA_Init	16	static
../Core/Src/main.c:705:13:MX_GPIO_Init	56	static
../Core/Src/main.c:771:6:Error_Handler	4	static,ignoring_inline_asm
